08:05:57 **** Incremental Build of configuration Debug for project adc ****
make all 
Building file: ../src/adc_main.c
Invoking: MCU C Compiler
arm-none-eabi-gcc -D__REDLIB__ -D__USE_CMSIS -DDEBUG -D__CODE_RED -I../cmsis -I"D:\ECEN 3360\LAB 1\lib_small_printf_m0\inc" -I../config -I../driver -O0 -g3 -Wall -c -fmessage-length=0 -fno-builtin -ffunction-sections -fdata-sections -mcpu=cortex-m0 -mthumb -MMD -MP -MF"src/adc_main.d" -MT"src/adc_main.d" -o "src/adc_main.o" "../src/adc_main.c"
Finished building: ../src/adc_main.c
 
Building target: adc.axf
Invoking: MCU Linker
arm-none-eabi-gcc -nostdlib -L"D:\ECEN 3360\LAB 1\lib_small_printf_m0\Lib" -Xlinker -Map=adc.map -Xlinker --gc-sections -mcpu=cortex-m0 -mthumb -T "../linker/lpc1114_flash_crp.ld" -o "adc.axf"  ./startup/cr_startup_lpc11.o  ./src/adc_main.o  ./driver/adc.o ./driver/crp.o ./driver/debug_printf.o ./driver/gpio.o ./driver/timer32.o  ./cmsis/core_cm0.o ./cmsis/system_LPC11xx.o   -llib_small_printf_m0
Finished building target: adc.axf
 
make --no-print-directory post-build
Performing post-build steps
arm-none-eabi-size adc.axf; arm-none-eabi-objcopy -O binary adc.axf adc.bin ; checksum -p LPC1114_302 -d adc.bin;
   text	   data	    bss	    dec	    hex	filename
   3943	      4	    136	   4083	    ff3	adc.axf
Created checksum 0xefffd62d at offset 0x1c in file adc.bin 

08:05:57 Build Finished (took 381ms)

