06:30:52 **** Clean-only build of configuration Debug for project blinky ****
make clean 
rm -rf  ./startup/cr_startup_lpc11.o  ./src/blinky_main.o  ./driver/adc.o ./driver/can.o ./driver/clkconfig.o ./driver/crp.o ./driver/debug_printf.o ./driver/gpio.o ./driver/i2c.o ./driver/i2cslave.o ./driver/lpc_swu.o ./driver/rs485.o ./driver/small_gpio.o ./driver/ssp.o ./driver/timer16.o ./driver/timer32.o ./driver/uart.o ./driver/wdt.o  ./cmsis/core_cm0.o ./cmsis/system_LPC11xx.o  ./startup/cr_startup_lpc11.d  ./src/blinky_main.d  ./driver/adc.d ./driver/can.d ./driver/clkconfig.d ./driver/crp.d ./driver/debug_printf.d ./driver/gpio.d ./driver/i2c.d ./driver/i2cslave.d ./driver/lpc_swu.d ./driver/rs485.d ./driver/small_gpio.d ./driver/ssp.d ./driver/timer16.d ./driver/timer32.d ./driver/uart.d ./driver/wdt.d  ./cmsis/core_cm0.d ./cmsis/system_LPC11xx.d  blinky.axf
 
06:30:53 **** Build of configuration Debug for project blinky ****
make all 
Building file: ../startup/cr_startup_lpc11.c
Invoking: MCU C Compiler
arm-none-eabi-gcc -D__REDLIB__ -D__USE_CMSIS -DDEBUG -D__CODE_RED -I../cmsis -I../config -I../driver -O0 -g3 -Wall -c -fmessage-length=0 -fno-builtin -ffunction-sections -fdata-sections -mcpu=cortex-m0 -mthumb -MMD -MP -MF"startup/cr_startup_lpc11.d" -MT"startup/cr_startup_lpc11.d" -o "startup/cr_startup_lpc11.o" "../startup/cr_startup_lpc11.c"
Finished building: ../startup/cr_startup_lpc11.c
 
Building file: ../src/blinky_main.c
Invoking: MCU C Compiler
arm-none-eabi-gcc -D__REDLIB__ -D__USE_CMSIS -DDEBUG -D__CODE_RED -I../cmsis -I../config -I../driver -O0 -g3 -Wall -c -fmessage-length=0 -fno-builtin -ffunction-sections -fdata-sections -mcpu=cortex-m0 -mthumb -MMD -MP -MF"src/blinky_main.d" -MT"src/blinky_main.d" -o "src/blinky_main.o" "../src/blinky_main.c"
Finished building: ../src/blinky_main.c
 
Building file: ../driver/adc.c
Invoking: MCU C Compiler
arm-none-eabi-gcc -D__REDLIB__ -D__USE_CMSIS -DDEBUG -D__CODE_RED -I../cmsis -I../config -I../driver -O0 -g3 -Wall -c -fmessage-length=0 -fno-builtin -ffunction-sections -fdata-sections -mcpu=cortex-m0 -mthumb -MMD -MP -MF"driver/adc.d" -MT"driver/adc.d" -o "driver/adc.o" "../driver/adc.c"
Finished building: ../driver/adc.c
 
Building file: ../driver/can.c
Invoking: MCU C Compiler
arm-none-eabi-gcc -D__REDLIB__ -D__USE_CMSIS -DDEBUG -D__CODE_RED -I../cmsis -I../config -I../driver -O0 -g3 -Wall -c -fmessage-length=0 -fno-builtin -ffunction-sections -fdata-sections -mcpu=cortex-m0 -mthumb -MMD -MP -MF"driver/can.d" -MT"driver/can.d" -o "driver/can.o" "../driver/can.c"
Finished building: ../driver/can.c
 
Building file: ../driver/clkconfig.c
Invoking: MCU C Compiler
arm-none-eabi-gcc -D__REDLIB__ -D__USE_CMSIS -DDEBUG -D__CODE_RED -I../cmsis -I../config -I../driver -O0 -g3 -Wall -c -fmessage-length=0 -fno-builtin -ffunction-sections -fdata-sections -mcpu=cortex-m0 -mthumb -MMD -MP -MF"driver/clkconfig.d" -MT"driver/clkconfig.d" -o "driver/clkconfig.o" "../driver/clkconfig.c"
Finished building: ../driver/clkconfig.c
 
Building file: ../driver/crp.c
Invoking: MCU C Compiler
arm-none-eabi-gcc -D__REDLIB__ -D__USE_CMSIS -DDEBUG -D__CODE_RED -I../cmsis -I../config -I../driver -O0 -g3 -Wall -c -fmessage-length=0 -fno-builtin -ffunction-sections -fdata-sections -mcpu=cortex-m0 -mthumb -MMD -MP -MF"driver/crp.d" -MT"driver/crp.d" -o "driver/crp.o" "../driver/crp.c"
Finished building: ../driver/crp.c
 
Building file: ../driver/debug_printf.c
Invoking: MCU C Compiler
arm-none-eabi-gcc -D__REDLIB__ -D__USE_CMSIS -DDEBUG -D__CODE_RED -I../cmsis -I../config -I../driver -O0 -g3 -Wall -c -fmessage-length=0 -fno-builtin -ffunction-sections -fdata-sections -mcpu=cortex-m0 -mthumb -MMD -MP -MF"driver/debug_printf.d" -MT"driver/debug_printf.d" -o "driver/debug_printf.o" "../driver/debug_printf.c"
Finished building: ../driver/debug_printf.c
 
Building file: ../driver/gpio.c
Invoking: MCU C Compiler
arm-none-eabi-gcc -D__REDLIB__ -D__USE_CMSIS -DDEBUG -D__CODE_RED -I../cmsis -I../config -I../driver -O0 -g3 -Wall -c -fmessage-length=0 -fno-builtin -ffunction-sections -fdata-sections -mcpu=cortex-m0 -mthumb -MMD -MP -MF"driver/gpio.d" -MT"driver/gpio.d" -o "driver/gpio.o" "../driver/gpio.c"
Finished building: ../driver/gpio.c
 
Building file: ../driver/i2c.c
Invoking: MCU C Compiler
arm-none-eabi-gcc -D__REDLIB__ -D__USE_CMSIS -DDEBUG -D__CODE_RED -I../cmsis -I../config -I../driver -O0 -g3 -Wall -c -fmessage-length=0 -fno-builtin -ffunction-sections -fdata-sections -mcpu=cortex-m0 -mthumb -MMD -MP -MF"driver/i2c.d" -MT"driver/i2c.d" -o "driver/i2c.o" "../driver/i2c.c"
Finished building: ../driver/i2c.c
 
Building file: ../driver/i2cslave.c
Invoking: MCU C Compiler
arm-none-eabi-gcc -D__REDLIB__ -D__USE_CMSIS -DDEBUG -D__CODE_RED -I../cmsis -I../config -I../driver -O0 -g3 -Wall -c -fmessage-length=0 -fno-builtin -ffunction-sections -fdata-sections -mcpu=cortex-m0 -mthumb -MMD -MP -MF"driver/i2cslave.d" -MT"driver/i2cslave.d" -o "driver/i2cslave.o" "../driver/i2cslave.c"
Finished building: ../driver/i2cslave.c
 
Building file: ../driver/lpc_swu.c
Invoking: MCU C Compiler
arm-none-eabi-gcc -D__REDLIB__ -D__USE_CMSIS -DDEBUG -D__CODE_RED -I../cmsis -I../config -I../driver -O0 -g3 -Wall -c -fmessage-length=0 -fno-builtin -ffunction-sections -fdata-sections -mcpu=cortex-m0 -mthumb -MMD -MP -MF"driver/lpc_swu.d" -MT"driver/lpc_swu.d" -o "driver/lpc_swu.o" "../driver/lpc_swu.c"
Finished building: ../driver/lpc_swu.c
 
Building file: ../driver/rs485.c
Invoking: MCU C Compiler
arm-none-eabi-gcc -D__REDLIB__ -D__USE_CMSIS -DDEBUG -D__CODE_RED -I../cmsis -I../config -I../driver -O0 -g3 -Wall -c -fmessage-length=0 -fno-builtin -ffunction-sections -fdata-sections -mcpu=cortex-m0 -mthumb -MMD -MP -MF"driver/rs485.d" -MT"driver/rs485.d" -o "driver/rs485.o" "../driver/rs485.c"
Finished building: ../driver/rs485.c
 
Building file: ../driver/small_gpio.c
Invoking: MCU C Compiler
arm-none-eabi-gcc -D__REDLIB__ -D__USE_CMSIS -DDEBUG -D__CODE_RED -I../cmsis -I../config -I../driver -O0 -g3 -Wall -c -fmessage-length=0 -fno-builtin -ffunction-sections -fdata-sections -mcpu=cortex-m0 -mthumb -MMD -MP -MF"driver/small_gpio.d" -MT"driver/small_gpio.d" -o "driver/small_gpio.o" "../driver/small_gpio.c"
Finished building: ../driver/small_gpio.c
 
Building file: ../driver/ssp.c
Invoking: MCU C Compiler
arm-none-eabi-gcc -D__REDLIB__ -D__USE_CMSIS -DDEBUG -D__CODE_RED -I../cmsis -I../config -I../driver -O0 -g3 -Wall -c -fmessage-length=0 -fno-builtin -ffunction-sections -fdata-sections -mcpu=cortex-m0 -mthumb -MMD -MP -MF"driver/ssp.d" -MT"driver/ssp.d" -o "driver/ssp.o" "../driver/ssp.c"
Finished building: ../driver/ssp.c
 
Building file: ../driver/timer16.c
Invoking: MCU C Compiler
arm-none-eabi-gcc -D__REDLIB__ -D__USE_CMSIS -DDEBUG -D__CODE_RED -I../cmsis -I../config -I../driver -O0 -g3 -Wall -c -fmessage-length=0 -fno-builtin -ffunction-sections -fdata-sections -mcpu=cortex-m0 -mthumb -MMD -MP -MF"driver/timer16.d" -MT"driver/timer16.d" -o "driver/timer16.o" "../driver/timer16.c"
Finished building: ../driver/timer16.c
 
Building file: ../driver/timer32.c
Invoking: MCU C Compiler
arm-none-eabi-gcc -D__REDLIB__ -D__USE_CMSIS -DDEBUG -D__CODE_RED -I../cmsis -I../config -I../driver -O0 -g3 -Wall -c -fmessage-length=0 -fno-builtin -ffunction-sections -fdata-sections -mcpu=cortex-m0 -mthumb -MMD -MP -MF"driver/timer32.d" -MT"driver/timer32.d" -o "driver/timer32.o" "../driver/timer32.c"
Finished building: ../driver/timer32.c
 
Building file: ../driver/uart.c
Invoking: MCU C Compiler
arm-none-eabi-gcc -D__REDLIB__ -D__USE_CMSIS -DDEBUG -D__CODE_RED -I../cmsis -I../config -I../driver -O0 -g3 -Wall -c -fmessage-length=0 -fno-builtin -ffunction-sections -fdata-sections -mcpu=cortex-m0 -mthumb -MMD -MP -MF"driver/uart.d" -MT"driver/uart.d" -o "driver/uart.o" "../driver/uart.c"
Finished building: ../driver/uart.c
 
Building file: ../driver/wdt.c
Invoking: MCU C Compiler
arm-none-eabi-gcc -D__REDLIB__ -D__USE_CMSIS -DDEBUG -D__CODE_RED -I../cmsis -I../config -I../driver -O0 -g3 -Wall -c -fmessage-length=0 -fno-builtin -ffunction-sections -fdata-sections -mcpu=cortex-m0 -mthumb -MMD -MP -MF"driver/wdt.d" -MT"driver/wdt.d" -o "driver/wdt.o" "../driver/wdt.c"
Finished building: ../driver/wdt.c
 
Building file: ../cmsis/core_cm0.c
Invoking: MCU C Compiler
arm-none-eabi-gcc -D__REDLIB__ -D__USE_CMSIS -DDEBUG -D__CODE_RED -I../cmsis -I../config -I../driver -O0 -Os -g3 -Wall -c -fmessage-length=0 -fno-builtin -ffunction-sections -fdata-sections -mcpu=cortex-m0 -mthumb -MMD -MP -MF"cmsis/core_cm0.d" -MT"cmsis/core_cm0.d" -o "cmsis/core_cm0.o" "../cmsis/core_cm0.c"
Finished building: ../cmsis/core_cm0.c
 
Building file: ../cmsis/system_LPC11xx.c
Invoking: MCU C Compiler
arm-none-eabi-gcc -D__REDLIB__ -D__USE_CMSIS -DDEBUG -D__CODE_RED -I../cmsis -I../config -I../driver -O0 -Os -g3 -Wall -c -fmessage-length=0 -fno-builtin -ffunction-sections -fdata-sections -mcpu=cortex-m0 -mthumb -MMD -MP -MF"cmsis/system_LPC11xx.d" -MT"cmsis/system_LPC11xx.d" -o "cmsis/system_LPC11xx.o" "../cmsis/system_LPC11xx.c"
Finished building: ../cmsis/system_LPC11xx.c
 
Building target: blinky.axf
Invoking: MCU Linker
arm-none-eabi-gcc -nostdlib -Xlinker -Map=blinky.map -Xlinker --gc-sections -mcpu=cortex-m0 -mthumb -T "../linker/lpc1114_flash_crp.ld" -o "blinky.axf"  ./startup/cr_startup_lpc11.o  ./src/blinky_main.o  ./driver/adc.o ./driver/can.o ./driver/clkconfig.o ./driver/crp.o ./driver/debug_printf.o ./driver/gpio.o ./driver/i2c.o ./driver/i2cslave.o ./driver/lpc_swu.o ./driver/rs485.o ./driver/small_gpio.o ./driver/ssp.o ./driver/timer16.o ./driver/timer32.o ./driver/uart.o ./driver/wdt.o  ./cmsis/core_cm0.o ./cmsis/system_LPC11xx.o   
Finished building target: blinky.axf
 
make --no-print-directory post-build
Performing post-build steps
arm-none-eabi-size blinky.axf; arm-none-eabi-objcopy -O binary blinky.axf blinky.bin ; checksum -p LPC1114_302 -d blinky.bin;
   text	   data	    bss	    dec	    hex	filename
   2376	      4	      8	   2388	    954	blinky.axf
Created checksum 0xefffd62d at offset 0x1c in file blinky.bin 
06:35:51 **** Clean-only build of configuration Lib for project lib_small_printf_m0 ****
make clean 
rm -rf  ./src/small_printf_float.o ./src/small_printf_nofloat.o ./src/small_printf_support.o ./src/small_utils.o  ./src/small_printf_float.d ./src/small_printf_nofloat.d ./src/small_printf_support.d ./src/small_utils.d  liblib_small_printf_m0.a
 
06:35:52 **** Build of configuration Lib for project lib_small_printf_m0 ****
make all 
Building file: ../src/small_printf_float.c
Invoking: MCU C Compiler
arm-none-eabi-gcc -DDEBUG -D__CODE_RED -D__REDLIB__ -I"D:\ECEN 3360\LAB 1\lib_small_printf_m0\inc" -O0 -Os -g3 -Wall -c -fmessage-length=0 -fno-builtin -ffunction-sections -fdata-sections -mcpu=cortex-m0 -mthumb -MMD -MP -MF"src/small_printf_float.d" -MT"src/small_printf_float.d" -o "src/small_printf_float.o" "../src/small_printf_float.c"
Finished building: ../src/small_printf_float.c
 
Building file: ../src/small_printf_nofloat.c
Invoking: MCU C Compiler
arm-none-eabi-gcc -DDEBUG -D__CODE_RED -D__REDLIB__ -I"D:\ECEN 3360\LAB 1\lib_small_printf_m0\inc" -O0 -Os -g3 -Wall -c -fmessage-length=0 -fno-builtin -ffunction-sections -fdata-sections -mcpu=cortex-m0 -mthumb -MMD -MP -MF"src/small_printf_nofloat.d" -MT"src/small_printf_nofloat.d" -o "src/small_printf_nofloat.o" "../src/small_printf_nofloat.c"
Finished building: ../src/small_printf_nofloat.c
 
Building file: ../src/small_printf_support.c
Invoking: MCU C Compiler
arm-none-eabi-gcc -DDEBUG -D__CODE_RED -D__REDLIB__ -I"D:\ECEN 3360\LAB 1\lib_small_printf_m0\inc" -O0 -Os -g3 -Wall -c -fmessage-length=0 -fno-builtin -ffunction-sections -fdata-sections -mcpu=cortex-m0 -mthumb -MMD -MP -MF"src/small_printf_support.d" -MT"src/small_printf_support.d" -o "src/small_printf_support.o" "../src/small_printf_support.c"
Finished building: ../src/small_printf_support.c
 
Building file: ../src/small_utils.c
Invoking: MCU C Compiler
arm-none-eabi-gcc -DDEBUG -D__CODE_RED -D__REDLIB__ -I"D:\ECEN 3360\LAB 1\lib_small_printf_m0\inc" -O0 -Os -g3 -Wall -c -fmessage-length=0 -fno-builtin -ffunction-sections -fdata-sections -mcpu=cortex-m0 -mthumb -MMD -MP -MF"src/small_utils.d" -MT"src/small_utils.d" -o "src/small_utils.o" "../src/small_utils.c"
Finished building: ../src/small_utils.c
 
Building target: liblib_small_printf_m0.a
Invoking: MCU Archiver
arm-none-eabi-ar -r  "liblib_small_printf_m0.a"  ./src/small_printf_float.o ./src/small_printf_nofloat.o ./src/small_printf_support.o ./src/small_utils.o   
c:\nxp\LPCXpresso_5.2.6_2137\lpcxpresso\tools\bin\arm-none-eabi-ar.exe: creating liblib_small_printf_m0.a
Finished building target: liblib_small_printf_m0.a
 
make --no-print-directory post-build
Performing post-build steps
arm-none-eabi-size liblib_small_printf_m0.a ; # arm-none-eabi-objdump -h -S liblib_small_printf_m0.a >liblib_small_printf_m0.lss
   text	   data	    bss	    dec	    hex	filename
    905	      0	     81	    986	    3da	small_printf_float.o (ex liblib_small_printf_m0.a)
    461	      0	      0	    461	    1cd	small_printf_nofloat.o (ex liblib_small_printf_m0.a)
    362	      0	     12	    374	    176	small_printf_support.o (ex liblib_small_printf_m0.a)
    300	      0	      0	    300	    12c	small_utils.o (ex liblib_small_printf_m0.a)
 
06:35:53 **** Clean-only build of configuration Debug for project adc ****
make clean 
rm -rf  ./startup/cr_startup_lpc11.o  ./src/adc_main.o  ./driver/adc.o ./driver/crp.o ./driver/debug_printf.o  ./cmsis/core_cm0.o ./cmsis/system_LPC11xx.o  ./startup/cr_startup_lpc11.d  ./src/adc_main.d  ./driver/adc.d ./driver/crp.d ./driver/debug_printf.d  ./cmsis/core_cm0.d ./cmsis/system_LPC11xx.d  adc.axf
 
06:35:53 **** Build of configuration Debug for project adc ****
make all 
Building file: ../startup/cr_startup_lpc11.c
Invoking: MCU C Compiler
arm-none-eabi-gcc -D__REDLIB__ -D__USE_CMSIS -DDEBUG -D__CODE_RED -I../cmsis -I"D:\ECEN 3360\LAB 1\lib_small_printf_m0\inc" -I../config -I../driver -O0 -g3 -Wall -c -fmessage-length=0 -fno-builtin -ffunction-sections -fdata-sections -mcpu=cortex-m0 -mthumb -MMD -MP -MF"startup/cr_startup_lpc11.d" -MT"startup/cr_startup_lpc11.d" -o "startup/cr_startup_lpc11.o" "../startup/cr_startup_lpc11.c"
Finished building: ../startup/cr_startup_lpc11.c
 
Building file: ../src/adc_main.c
Invoking: MCU C Compiler
arm-none-eabi-gcc -D__REDLIB__ -D__USE_CMSIS -DDEBUG -D__CODE_RED -I../cmsis -I"D:\ECEN 3360\LAB 1\lib_small_printf_m0\inc" -I../config -I../driver -O0 -g3 -Wall -c -fmessage-length=0 -fno-builtin -ffunction-sections -fdata-sections -mcpu=cortex-m0 -mthumb -MMD -MP -MF"src/adc_main.d" -MT"src/adc_main.d" -o "src/adc_main.o" "../src/adc_main.c"
Finished building: ../src/adc_main.c
 
Building file: ../driver/adc.c
Invoking: MCU C Compiler
arm-none-eabi-gcc -D__REDLIB__ -D__USE_CMSIS -DDEBUG -D__CODE_RED -I../cmsis -I"D:\ECEN 3360\LAB 1\lib_small_printf_m0\inc" -I../config -I../driver -O0 -g3 -Wall -c -fmessage-length=0 -fno-builtin -ffunction-sections -fdata-sections -mcpu=cortex-m0 -mthumb -MMD -MP -MF"driver/adc.d" -MT"driver/adc.d" -o "driver/adc.o" "../driver/adc.c"
Finished building: ../driver/adc.c
 
Building file: ../driver/crp.c
Invoking: MCU C Compiler
arm-none-eabi-gcc -D__REDLIB__ -D__USE_CMSIS -DDEBUG -D__CODE_RED -I../cmsis -I"D:\ECEN 3360\LAB 1\lib_small_printf_m0\inc" -I../config -I../driver -O0 -g3 -Wall -c -fmessage-length=0 -fno-builtin -ffunction-sections -fdata-sections -mcpu=cortex-m0 -mthumb -MMD -MP -MF"driver/crp.d" -MT"driver/crp.d" -o "driver/crp.o" "../driver/crp.c"
Finished building: ../driver/crp.c
 
Building file: ../driver/debug_printf.c
Invoking: MCU C Compiler
arm-none-eabi-gcc -D__REDLIB__ -D__USE_CMSIS -DDEBUG -D__CODE_RED -I../cmsis -I"D:\ECEN 3360\LAB 1\lib_small_printf_m0\inc" -I../config -I../driver -O0 -g3 -Wall -c -fmessage-length=0 -fno-builtin -ffunction-sections -fdata-sections -mcpu=cortex-m0 -mthumb -MMD -MP -MF"driver/debug_printf.d" -MT"driver/debug_printf.d" -o "driver/debug_printf.o" "../driver/debug_printf.c"
Finished building: ../driver/debug_printf.c
 
Building file: ../driver/gpio.c
Invoking: MCU C Compiler
arm-none-eabi-gcc -D__REDLIB__ -D__USE_CMSIS -DDEBUG -D__CODE_RED -I../cmsis -I"D:\ECEN 3360\LAB 1\lib_small_printf_m0\inc" -I../config -I../driver -O0 -g3 -Wall -c -fmessage-length=0 -fno-builtin -ffunction-sections -fdata-sections -mcpu=cortex-m0 -mthumb -MMD -MP -MF"driver/gpio.d" -MT"driver/gpio.d" -o "driver/gpio.o" "../driver/gpio.c"
Finished building: ../driver/gpio.c
 
Building file: ../cmsis/core_cm0.c
Invoking: MCU C Compiler
arm-none-eabi-gcc -D__REDLIB__ -D__USE_CMSIS -DDEBUG -D__CODE_RED -I../cmsis -I"D:\ECEN 3360\LAB 1\lib_small_printf_m0\inc" -I../config -I../driver -O0 -Os -g3 -Wall -c -fmessage-length=0 -fno-builtin -ffunction-sections -fdata-sections -mcpu=cortex-m0 -mthumb -MMD -MP -MF"cmsis/core_cm0.d" -MT"cmsis/core_cm0.d" -o "cmsis/core_cm0.o" "../cmsis/core_cm0.c"
Finished building: ../cmsis/core_cm0.c
 
Building file: ../cmsis/system_LPC11xx.c
Invoking: MCU C Compiler
arm-none-eabi-gcc -D__REDLIB__ -D__USE_CMSIS -DDEBUG -D__CODE_RED -I../cmsis -I"D:\ECEN 3360\LAB 1\lib_small_printf_m0\inc" -I../config -I../driver -O0 -Os -g3 -Wall -c -fmessage-length=0 -fno-builtin -ffunction-sections -fdata-sections -mcpu=cortex-m0 -mthumb -MMD -MP -MF"cmsis/system_LPC11xx.d" -MT"cmsis/system_LPC11xx.d" -o "cmsis/system_LPC11xx.o" "../cmsis/system_LPC11xx.c"
Finished building: ../cmsis/system_LPC11xx.c
 
Building target: adc.axf
Invoking: MCU Linker
arm-none-eabi-gcc -nostdlib -L"D:\ECEN 3360\LAB 1\lib_small_printf_m0\Lib" -Xlinker -Map=adc.map -Xlinker --gc-sections -mcpu=cortex-m0 -mthumb -T "../linker/lpc1114_flash_crp.ld" -o "adc.axf"  ./startup/cr_startup_lpc11.o  ./src/adc_main.o  ./driver/adc.o ./driver/crp.o ./driver/debug_printf.o ./driver/gpio.o  ./cmsis/core_cm0.o ./cmsis/system_LPC11xx.o   -llib_small_printf_m0
Finished building target: adc.axf
 
make --no-print-directory post-build
Performing post-build steps
arm-none-eabi-size adc.axf; arm-none-eabi-objcopy -O binary adc.axf adc.bin ; checksum -p LPC1114_302 -d adc.bin;
   text	   data	    bss	    dec	    hex	filename
   5303	      4	    128	   5435	   153b	adc.axf
Created checksum 0xefffd62d at offset 0x1c in file adc.bin 
06:57:31 **** Incremental Build of configuration Lib for project lib_small_printf_m0 ****
make all 
make: Nothing to be done for `all'.
06:57:32 **** Incremental Build of configuration Debug for project adc ****
make all 
Building file: ../src/adc_main.c
Invoking: MCU C Compiler
arm-none-eabi-gcc -D__REDLIB__ -D__USE_CMSIS -DDEBUG -D__CODE_RED -I../cmsis -I"D:\ECEN 3360\LAB 1\lib_small_printf_m0\inc" -I../config -I../driver -O0 -g3 -Wall -c -fmessage-length=0 -fno-builtin -ffunction-sections -fdata-sections -mcpu=cortex-m0 -mthumb -MMD -MP -MF"src/adc_main.d" -MT"src/adc_main.d" -o "src/adc_main.o" "../src/adc_main.c"
../src/adc_main.c: In function 'main':
../src/adc_main.c:119:3: warning: implicit declaration of function 'GPIOSetValue' [-Wimplicit-function-declaration]
Finished building: ../src/adc_main.c
 
Building target: adc.axf
Invoking: MCU Linker
arm-none-eabi-gcc -nostdlib -L"D:\ECEN 3360\LAB 1\lib_small_printf_m0\Lib" -Xlinker -Map=adc.map -Xlinker --gc-sections -mcpu=cortex-m0 -mthumb -T "../linker/lpc1114_flash_crp.ld" -o "adc.axf"  ./startup/cr_startup_lpc11.o  ./src/adc_main.o  ./driver/adc.o ./driver/crp.o ./driver/debug_printf.o ./driver/gpio.o  ./cmsis/core_cm0.o ./cmsis/system_LPC11xx.o   -llib_small_printf_m0
Finished building target: adc.axf
 
make --no-print-directory post-build
Performing post-build steps
arm-none-eabi-size adc.axf; arm-none-eabi-objcopy -O binary adc.axf adc.bin ; checksum -p LPC1114_302 -d adc.bin;
   text	   data	    bss	    dec	    hex	filename
   5415	      4	    128	   5547	   15ab	adc.axf
Created checksum 0xefffd62d at offset 0x1c in file adc.bin 
07:02:16 **** Incremental Build of configuration Lib for project lib_small_printf_m0 ****
make all 
make: Nothing to be done for `all'.
07:02:16 **** Incremental Build of configuration Debug for project adc ****
make all 
Building file: ../src/adc_main.c
Invoking: MCU C Compiler
arm-none-eabi-gcc -D__REDLIB__ -D__USE_CMSIS -DDEBUG -D__CODE_RED -I../cmsis -I"D:\ECEN 3360\LAB 1\lib_small_printf_m0\inc" -I../config -I../driver -O0 -g3 -Wall -c -fmessage-length=0 -fno-builtin -ffunction-sections -fdata-sections -mcpu=cortex-m0 -mthumb -MMD -MP -MF"src/adc_main.d" -MT"src/adc_main.d" -o "src/adc_main.o" "../src/adc_main.c"
Finished building: ../src/adc_main.c
 
Building file: ../driver/adc.c
Invoking: MCU C Compiler
arm-none-eabi-gcc -D__REDLIB__ -D__USE_CMSIS -DDEBUG -D__CODE_RED -I../cmsis -I"D:\ECEN 3360\LAB 1\lib_small_printf_m0\inc" -I../config -I../driver -O0 -g3 -Wall -c -fmessage-length=0 -fno-builtin -ffunction-sections -fdata-sections -mcpu=cortex-m0 -mthumb -MMD -MP -MF"driver/adc.d" -MT"driver/adc.d" -o "driver/adc.o" "../driver/adc.c"
Finished building: ../driver/adc.c
 
Building file: ../driver/crp.c
Invoking: MCU C Compiler
arm-none-eabi-gcc -D__REDLIB__ -D__USE_CMSIS -DDEBUG -D__CODE_RED -I../cmsis -I"D:\ECEN 3360\LAB 1\lib_small_printf_m0\inc" -I../config -I../driver -O0 -g3 -Wall -c -fmessage-length=0 -fno-builtin -ffunction-sections -fdata-sections -mcpu=cortex-m0 -mthumb -MMD -MP -MF"driver/crp.d" -MT"driver/crp.d" -o "driver/crp.o" "../driver/crp.c"
Finished building: ../driver/crp.c
 
Building file: ../driver/debug_printf.c
Invoking: MCU C Compiler
arm-none-eabi-gcc -D__REDLIB__ -D__USE_CMSIS -DDEBUG -D__CODE_RED -I../cmsis -I"D:\ECEN 3360\LAB 1\lib_small_printf_m0\inc" -I../config -I../driver -O0 -g3 -Wall -c -fmessage-length=0 -fno-builtin -ffunction-sections -fdata-sections -mcpu=cortex-m0 -mthumb -MMD -MP -MF"driver/debug_printf.d" -MT"driver/debug_printf.d" -o "driver/debug_printf.o" "../driver/debug_printf.c"
Finished building: ../driver/debug_printf.c
 
Building file: ../driver/gpio.c
Invoking: MCU C Compiler
arm-none-eabi-gcc -D__REDLIB__ -D__USE_CMSIS -DDEBUG -D__CODE_RED -I../cmsis -I"D:\ECEN 3360\LAB 1\lib_small_printf_m0\inc" -I../config -I../driver -O0 -g3 -Wall -c -fmessage-length=0 -fno-builtin -ffunction-sections -fdata-sections -mcpu=cortex-m0 -mthumb -MMD -MP -MF"driver/gpio.d" -MT"driver/gpio.d" -o "driver/gpio.o" "../driver/gpio.c"
Finished building: ../driver/gpio.c
 
Building target: adc.axf
Invoking: MCU Linker
arm-none-eabi-gcc -nostdlib -L"D:\ECEN 3360\LAB 1\lib_small_printf_m0\Lib" -Xlinker -Map=adc.map -Xlinker --gc-sections -mcpu=cortex-m0 -mthumb -T "../linker/lpc1114_flash_crp.ld" -o "adc.axf"  ./startup/cr_startup_lpc11.o  ./src/adc_main.o  ./driver/adc.o ./driver/crp.o ./driver/debug_printf.o ./driver/gpio.o  ./cmsis/core_cm0.o ./cmsis/system_LPC11xx.o   -llib_small_printf_m0
Finished building target: adc.axf
 
make --no-print-directory post-build
Performing post-build steps
arm-none-eabi-size adc.axf; arm-none-eabi-objcopy -O binary adc.axf adc.bin ; checksum -p LPC1114_302 -d adc.bin;
   text	   data	    bss	    dec	    hex	filename
   5415	      4	    128	   5547	   15ab	adc.axf
Created checksum 0xefffd62d at offset 0x1c in file adc.bin 
07:07:17 **** Incremental Build of configuration Debug for project blinky ****
make all 
make: Nothing to be done for `all'.
07:07:45 **** Incremental Build of configuration Lib for project lib_small_printf_m0 ****
make all 
make: Nothing to be done for `all'.
07:07:46 **** Incremental Build of configuration Debug for project adc ****
make all 
Building file: ../src/adc_main.c
Invoking: MCU C Compiler
arm-none-eabi-gcc -D__REDLIB__ -D__USE_CMSIS -DDEBUG -D__CODE_RED -I../cmsis -I"D:\ECEN 3360\LAB 1\lib_small_printf_m0\inc" -I../config -I../driver -O0 -g3 -Wall -c -fmessage-length=0 -fno-builtin -ffunction-sections -fdata-sections -mcpu=cortex-m0 -mthumb -MMD -MP -MF"src/adc_main.d" -MT"src/adc_main.d" -o "src/adc_main.o" "../src/adc_main.c"
Finished building: ../src/adc_main.c
 
Building target: adc.axf
Invoking: MCU Linker
arm-none-eabi-gcc -nostdlib -L"D:\ECEN 3360\LAB 1\lib_small_printf_m0\Lib" -Xlinker -Map=adc.map -Xlinker --gc-sections -mcpu=cortex-m0 -mthumb -T "../linker/lpc1114_flash_crp.ld" -o "adc.axf"  ./startup/cr_startup_lpc11.o  ./src/adc_main.o  ./driver/adc.o ./driver/crp.o ./driver/debug_printf.o ./driver/gpio.o  ./cmsis/core_cm0.o ./cmsis/system_LPC11xx.o   -llib_small_printf_m0
Finished building target: adc.axf
 
make --no-print-directory post-build
Performing post-build steps
arm-none-eabi-size adc.axf; arm-none-eabi-objcopy -O binary adc.axf adc.bin ; checksum -p LPC1114_302 -d adc.bin;
   text	   data	    bss	    dec	    hex	filename
   5543	      4	    128	   5675	   162b	adc.axf
Created checksum 0xefffd62d at offset 0x1c in file adc.bin 
07:07:55 **** Incremental Build of configuration Lib for project lib_small_printf_m0 ****
make all 
make: Nothing to be done for `all'.
07:07:56 **** Incremental Build of configuration Debug for project adc ****
make all 
make: Nothing to be done for `all'.
07:08:50 **** Incremental Build of configuration Lib for project lib_small_printf_m0 ****
make all 
make: Nothing to be done for `all'.
07:08:51 **** Incremental Build of configuration Debug for project adc ****
make all 
Building file: ../src/adc_main.c
Invoking: MCU C Compiler
arm-none-eabi-gcc -D__REDLIB__ -D__USE_CMSIS -DDEBUG -D__CODE_RED -I../cmsis -I"D:\ECEN 3360\LAB 1\lib_small_printf_m0\inc" -I../config -I../driver -O0 -g3 -Wall -c -fmessage-length=0 -fno-builtin -ffunction-sections -fdata-sections -mcpu=cortex-m0 -mthumb -MMD -MP -MF"src/adc_main.d" -MT"src/adc_main.d" -o "src/adc_main.o" "../src/adc_main.c"
Finished building: ../src/adc_main.c
 
Building target: adc.axf
Invoking: MCU Linker
arm-none-eabi-gcc -nostdlib -L"D:\ECEN 3360\LAB 1\lib_small_printf_m0\Lib" -Xlinker -Map=adc.map -Xlinker --gc-sections -mcpu=cortex-m0 -mthumb -T "../linker/lpc1114_flash_crp.ld" -o "adc.axf"  ./startup/cr_startup_lpc11.o  ./src/adc_main.o  ./driver/adc.o ./driver/crp.o ./driver/debug_printf.o ./driver/gpio.o  ./cmsis/core_cm0.o ./cmsis/system_LPC11xx.o   -llib_small_printf_m0
Finished building target: adc.axf
 
make --no-print-directory post-build
Performing post-build steps
arm-none-eabi-size adc.axf; arm-none-eabi-objcopy -O binary adc.axf adc.bin ; checksum -p LPC1114_302 -d adc.bin;
   text	   data	    bss	    dec	    hex	filename
   5575	      4	    128	   5707	   164b	adc.axf
Created checksum 0xefffd62d at offset 0x1c in file adc.bin 
07:11:50 **** Incremental Build of configuration Lib for project lib_small_printf_m0 ****
make all 
make: Nothing to be done for `all'.
07:11:50 **** Incremental Build of configuration Debug for project adc ****
make all 
Building file: ../src/adc_main.c
Invoking: MCU C Compiler
arm-none-eabi-gcc -D__REDLIB__ -D__USE_CMSIS -DDEBUG -D__CODE_RED -I../cmsis -I"D:\ECEN 3360\LAB 1\lib_small_printf_m0\inc" -I../config -I../driver -O0 -g3 -Wall -c -fmessage-length=0 -fno-builtin -ffunction-sections -fdata-sections -mcpu=cortex-m0 -mthumb -MMD -MP -MF"src/adc_main.d" -MT"src/adc_main.d" -o "src/adc_main.o" "../src/adc_main.c"
../src/adc_main.c: In function 'main':
../src/adc_main.c:127:2: warning: zero-length gnu_printf format string [-Wformat-zero-length]
Finished building: ../src/adc_main.c
 
Building target: adc.axf
Invoking: MCU Linker
arm-none-eabi-gcc -nostdlib -L"D:\ECEN 3360\LAB 1\lib_small_printf_m0\Lib" -Xlinker -Map=adc.map -Xlinker --gc-sections -mcpu=cortex-m0 -mthumb -T "../linker/lpc1114_flash_crp.ld" -o "adc.axf"  ./startup/cr_startup_lpc11.o  ./src/adc_main.o  ./driver/adc.o ./driver/crp.o ./driver/debug_printf.o ./driver/gpio.o  ./cmsis/core_cm0.o ./cmsis/system_LPC11xx.o   -llib_small_printf_m0
Finished building target: adc.axf
 
make --no-print-directory post-build
Performing post-build steps
arm-none-eabi-size adc.axf; arm-none-eabi-objcopy -O binary adc.axf adc.bin ; checksum -p LPC1114_302 -d adc.bin;
   text	   data	    bss	    dec	    hex	filename
   5599	      4	    128	   5731	   1663	adc.axf
Created checksum 0xefffd62d at offset 0x1c in file adc.bin 
07:18:10 **** Incremental Build of configuration Lib for project lib_small_printf_m0 ****
make all 
make: Nothing to be done for `all'.
07:18:11 **** Incremental Build of configuration Debug for project adc ****
make all 
Building file: ../src/adc_main.c
Invoking: MCU C Compiler
arm-none-eabi-gcc -D__REDLIB__ -D__USE_CMSIS -DDEBUG -D__CODE_RED -I../cmsis -I"D:\ECEN 3360\LAB 1\lib_small_printf_m0\inc" -I../config -I../driver -O0 -g3 -Wall -c -fmessage-length=0 -fno-builtin -ffunction-sections -fdata-sections -mcpu=cortex-m0 -mthumb -MMD -MP -MF"src/adc_main.d" -MT"src/adc_main.d" -o "src/adc_main.o" "../src/adc_main.c"
Finished building: ../src/adc_main.c
 
Building target: adc.axf
Invoking: MCU Linker
arm-none-eabi-gcc -nostdlib -L"D:\ECEN 3360\LAB 1\lib_small_printf_m0\Lib" -Xlinker -Map=adc.map -Xlinker --gc-sections -mcpu=cortex-m0 -mthumb -T "../linker/lpc1114_flash_crp.ld" -o "adc.axf"  ./startup/cr_startup_lpc11.o  ./src/adc_main.o  ./driver/adc.o ./driver/crp.o ./driver/debug_printf.o ./driver/gpio.o  ./cmsis/core_cm0.o ./cmsis/system_LPC11xx.o   -llib_small_printf_m0
Finished building target: adc.axf
 
make --no-print-directory post-build
Performing post-build steps
arm-none-eabi-size adc.axf; arm-none-eabi-objcopy -O binary adc.axf adc.bin ; checksum -p LPC1114_302 -d adc.bin;
   text	   data	    bss	    dec	    hex	filename
   5591	      4	    128	   5723	   165b	adc.axf
Created checksum 0xefffd62d at offset 0x1c in file adc.bin 
07:18:33 **** Incremental Build of configuration Lib for project lib_small_printf_m0 ****
make all 
make: Nothing to be done for `all'.
07:18:33 **** Incremental Build of configuration Debug for project adc ****
make all 
make: Nothing to be done for `all'.
07:34:49 **** Incremental Build of configuration Lib for project lib_small_printf_m0 ****
make all 
make: Nothing to be done for `all'.
07:34:49 **** Clean-only build of configuration Debug for project adc ****
make clean 
rm -rf  ./startup/cr_startup_lpc11.o  ./src/adc_main.o  ./driver/adc.o ./driver/crp.o ./driver/debug_printf.o ./driver/gpio.o  ./cmsis/core_cm0.o ./cmsis/system_LPC11xx.o  ./startup/cr_startup_lpc11.d  ./src/adc_main.d  ./driver/adc.d ./driver/crp.d ./driver/debug_printf.d ./driver/gpio.d  ./cmsis/core_cm0.d ./cmsis/system_LPC11xx.d  adc.axf
 
07:34:50 **** Incremental Build of configuration Debug for project adc ****
make all 
Building file: ../startup/cr_startup_lpc11.c
Invoking: MCU C Compiler
arm-none-eabi-gcc -D__REDLIB__ -D__USE_CMSIS -DDEBUG -D__CODE_RED -I../cmsis -I"D:\ECEN 3360\LAB 1\lib_small_printf_m0\inc" -I../config -I../driver -O0 -g3 -Wall -c -fmessage-length=0 -fno-builtin -ffunction-sections -fdata-sections -mcpu=cortex-m0 -mthumb -MMD -MP -MF"startup/cr_startup_lpc11.d" -MT"startup/cr_startup_lpc11.d" -o "startup/cr_startup_lpc11.o" "../startup/cr_startup_lpc11.c"
Finished building: ../startup/cr_startup_lpc11.c
 
Building file: ../src/adc_main.c
Invoking: MCU C Compiler
arm-none-eabi-gcc -D__REDLIB__ -D__USE_CMSIS -DDEBUG -D__CODE_RED -I../cmsis -I"D:\ECEN 3360\LAB 1\lib_small_printf_m0\inc" -I../config -I../driver -O0 -g3 -Wall -c -fmessage-length=0 -fno-builtin -ffunction-sections -fdata-sections -mcpu=cortex-m0 -mthumb -MMD -MP -MF"src/adc_main.d" -MT"src/adc_main.d" -o "src/adc_main.o" "../src/adc_main.c"
../src/adc_main.c: In function 'main':
../src/adc_main.c:87:3: warning: implicit declaration of function 'init_timer32' [-Wimplicit-function-declaration]
../src/adc_main.c:87:19: error: 'TIME_INTERVAL' undeclared (first use in this function)
../src/adc_main.c:87:19: note: each undeclared identifier is reported only once for each function it appears in
../src/adc_main.c:91:3: warning: implicit declaration of function 'enable_timer32' [-Wimplicit-function-declaration]
../src/adc_main.c:131:8: error: 'timer32_0_counter' undeclared (first use in this function)
make: *** [src/adc_main.o] Error 1
07:35:10 **** Incremental Build of configuration Lib for project lib_small_printf_m0 ****
make all 
make: Nothing to be done for `all'.
07:35:11 **** Incremental Build of configuration Debug for project adc ****
make all 
Building file: ../src/adc_main.c
Invoking: MCU C Compiler
arm-none-eabi-gcc -D__REDLIB__ -D__USE_CMSIS -DDEBUG -D__CODE_RED -I../cmsis -I"D:\ECEN 3360\LAB 1\lib_small_printf_m0\inc" -I../config -I../driver -O0 -g3 -Wall -c -fmessage-length=0 -fno-builtin -ffunction-sections -fdata-sections -mcpu=cortex-m0 -mthumb -MMD -MP -MF"src/adc_main.d" -MT"src/adc_main.d" -o "src/adc_main.o" "../src/adc_main.c"
../src/adc_main.c: In function 'main':
../src/adc_main.c:88:3: warning: implicit declaration of function 'init_timer32' [-Wimplicit-function-declaration]
../src/adc_main.c:88:19: error: 'TIME_INTERVAL' undeclared (first use in this function)
../src/adc_main.c:88:19: note: each undeclared identifier is reported only once for each function it appears in
../src/adc_main.c:92:3: warning: implicit declaration of function 'enable_timer32' [-Wimplicit-function-declaration]
../src/adc_main.c:132:8: error: 'timer32_0_counter' undeclared (first use in this function)
make: *** [src/adc_main.o] Error 1
07:36:35 **** Incremental Build of configuration Lib for project lib_small_printf_m0 ****
make all 
make: Nothing to be done for `all'.
07:36:35 **** Incremental Build of configuration Debug for project adc ****
make all 
Building file: ../src/adc_main.c
Invoking: MCU C Compiler
arm-none-eabi-gcc -D__REDLIB__ -D__USE_CMSIS -DDEBUG -D__CODE_RED -I../cmsis -I"D:\ECEN 3360\LAB 1\lib_small_printf_m0\inc" -I../config -I../driver -O0 -g3 -Wall -c -fmessage-length=0 -fno-builtin -ffunction-sections -fdata-sections -mcpu=cortex-m0 -mthumb -MMD -MP -MF"src/adc_main.d" -MT"src/adc_main.d" -o "src/adc_main.o" "../src/adc_main.c"
../src/adc_main.c: In function 'main':
../src/adc_main.c:88:3: warning: implicit declaration of function 'init_timer32' [-Wimplicit-function-declaration]
../src/adc_main.c:88:19: error: 'TIME_INTERVAL' undeclared (first use in this function)
../src/adc_main.c:88:19: note: each undeclared identifier is reported only once for each function it appears in
../src/adc_main.c:92:3: warning: implicit declaration of function 'enable_timer32' [-Wimplicit-function-declaration]
../src/adc_main.c:132:8: error: 'timer32_0_counter' undeclared (first use in this function)
make: *** [src/adc_main.o] Error 1
07:37:32 **** Incremental Build of configuration Lib for project lib_small_printf_m0 ****
make all 
make: Nothing to be done for `all'.
07:37:33 **** Incremental Build of configuration Debug for project adc ****
make all 
Building file: ../src/adc_main.c
Invoking: MCU C Compiler
arm-none-eabi-gcc -D__REDLIB__ -D__USE_CMSIS -DDEBUG -D__CODE_RED -I../cmsis -I"D:\ECEN 3360\LAB 1\lib_small_printf_m0\inc" -I../config -I../driver -O0 -g3 -Wall -c -fmessage-length=0 -fno-builtin -ffunction-sections -fdata-sections -mcpu=cortex-m0 -mthumb -MMD -MP -MF"src/adc_main.d" -MT"src/adc_main.d" -o "src/adc_main.o" "../src/adc_main.c"
../src/adc_main.c: In function 'main':
../src/adc_main.c:88:3: warning: implicit declaration of function 'init_timer32' [-Wimplicit-function-declaration]
../src/adc_main.c:88:19: error: 'TIME_INTERVAL' undeclared (first use in this function)
../src/adc_main.c:88:19: note: each undeclared identifier is reported only once for each function it appears in
../src/adc_main.c:92:3: warning: implicit declaration of function 'enable_timer32' [-Wimplicit-function-declaration]
../src/adc_main.c:132:8: error: 'timer32_0_counter' undeclared (first use in this function)
make: *** [src/adc_main.o] Error 1
07:37:54 **** Incremental Build of configuration Debug for project blinky ****
make all 
make: Nothing to be done for `all'.
07:37:54 **** Clean-only build of configuration Debug for project extint ****
make clean 
rm -rf  ./startup/cr_startup_lpc11.o  ./src/extint_main.o  ./driver/can.o ./driver/crp.o ./driver/gpio.o  ./cmsis/core_cm0.o ./cmsis/system_LPC11xx.o  ./startup/cr_startup_lpc11.d  ./src/extint_main.d  ./driver/can.d ./driver/crp.d ./driver/gpio.d  ./cmsis/core_cm0.d ./cmsis/system_LPC11xx.d  extint.axf
 
07:37:54 **** Build of configuration Debug for project extint ****
make all 
Building file: ../startup/cr_startup_lpc11.c
Invoking: MCU C Compiler
arm-none-eabi-gcc -D__REDLIB__ -D__USE_CMSIS -DDEBUG -D__CODE_RED -I../cmsis -I../config -I../driver -O0 -g3 -Wall -c -fmessage-length=0 -fno-builtin -ffunction-sections -fdata-sections -mcpu=cortex-m0 -mthumb -MMD -MP -MF"startup/cr_startup_lpc11.d" -MT"startup/cr_startup_lpc11.d" -o "startup/cr_startup_lpc11.o" "../startup/cr_startup_lpc11.c"
Finished building: ../startup/cr_startup_lpc11.c
 
Building file: ../src/extint_main.c
Invoking: MCU C Compiler
arm-none-eabi-gcc -D__REDLIB__ -D__USE_CMSIS -DDEBUG -D__CODE_RED -I../cmsis -I../config -I../driver -O0 -g3 -Wall -c -fmessage-length=0 -fno-builtin -ffunction-sections -fdata-sections -mcpu=cortex-m0 -mthumb -MMD -MP -MF"src/extint_main.d" -MT"src/extint_main.d" -o "src/extint_main.o" "../src/extint_main.c"
Finished building: ../src/extint_main.c
 
Building file: ../driver/can.c
Invoking: MCU C Compiler
arm-none-eabi-gcc -D__REDLIB__ -D__USE_CMSIS -DDEBUG -D__CODE_RED -I../cmsis -I../config -I../driver -O0 -g3 -Wall -c -fmessage-length=0 -fno-builtin -ffunction-sections -fdata-sections -mcpu=cortex-m0 -mthumb -MMD -MP -MF"driver/can.d" -MT"driver/can.d" -o "driver/can.o" "../driver/can.c"
Finished building: ../driver/can.c
 
Building file: ../driver/crp.c
Invoking: MCU C Compiler
arm-none-eabi-gcc -D__REDLIB__ -D__USE_CMSIS -DDEBUG -D__CODE_RED -I../cmsis -I../config -I../driver -O0 -g3 -Wall -c -fmessage-length=0 -fno-builtin -ffunction-sections -fdata-sections -mcpu=cortex-m0 -mthumb -MMD -MP -MF"driver/crp.d" -MT"driver/crp.d" -o "driver/crp.o" "../driver/crp.c"
Finished building: ../driver/crp.c
 
Building file: ../driver/gpio.c
Invoking: MCU C Compiler
arm-none-eabi-gcc -D__REDLIB__ -D__USE_CMSIS -DDEBUG -D__CODE_RED -I../cmsis -I../config -I../driver -O0 -g3 -Wall -c -fmessage-length=0 -fno-builtin -ffunction-sections -fdata-sections -mcpu=cortex-m0 -mthumb -MMD -MP -MF"driver/gpio.d" -MT"driver/gpio.d" -o "driver/gpio.o" "../driver/gpio.c"
Finished building: ../driver/gpio.c
 
Building file: ../cmsis/core_cm0.c
Invoking: MCU C Compiler
arm-none-eabi-gcc -D__REDLIB__ -D__USE_CMSIS -DDEBUG -D__CODE_RED -I../cmsis -I../config -I../driver -O0 -Os -g3 -Wall -c -fmessage-length=0 -fno-builtin -ffunction-sections -fdata-sections -mcpu=cortex-m0 -mthumb -MMD -MP -MF"cmsis/core_cm0.d" -MT"cmsis/core_cm0.d" -o "cmsis/core_cm0.o" "../cmsis/core_cm0.c"
Finished building: ../cmsis/core_cm0.c
 
Building file: ../cmsis/system_LPC11xx.c
Invoking: MCU C Compiler
arm-none-eabi-gcc -D__REDLIB__ -D__USE_CMSIS -DDEBUG -D__CODE_RED -I../cmsis -I../config -I../driver -O0 -Os -g3 -Wall -c -fmessage-length=0 -fno-builtin -ffunction-sections -fdata-sections -mcpu=cortex-m0 -mthumb -MMD -MP -MF"cmsis/system_LPC11xx.d" -MT"cmsis/system_LPC11xx.d" -o "cmsis/system_LPC11xx.o" "../cmsis/system_LPC11xx.c"
Finished building: ../cmsis/system_LPC11xx.c
 
Building target: extint.axf
Invoking: MCU Linker
arm-none-eabi-gcc -nostdlib -Xlinker -Map=extint.map -Xlinker --gc-sections -mcpu=cortex-m0 -mthumb -T "../linker/lpc1114_flash_crp.ld" -o "extint.axf"  ./startup/cr_startup_lpc11.o  ./src/extint_main.o  ./driver/can.o ./driver/crp.o ./driver/gpio.o  ./cmsis/core_cm0.o ./cmsis/system_LPC11xx.o   
Finished building target: extint.axf
 
make --no-print-directory post-build
Performing post-build steps
arm-none-eabi-size extint.axf; arm-none-eabi-objcopy -O binary extint.axf extint.bin ; checksum -p LPC1114_302 -d extint.bin;
   text	   data	    bss	    dec	    hex	filename
   3016	      4	      8	   3028	    bd4	extint.axf
Created checksum 0xefffd62d at offset 0x1c in file extint.bin 
07:37:56 **** Clean-only build of configuration Debug for project i2c ****
make clean 
rm -rf  ./startup/cr_startup_lpc11.o  ./src/i2c_main.o  ./driver/can.o ./driver/crp.o ./driver/gpio.o ./driver/i2c.o  ./cmsis/core_cm0.o ./cmsis/system_LPC11xx.o  ./startup/cr_startup_lpc11.d  ./src/i2c_main.d  ./driver/can.d ./driver/crp.d ./driver/gpio.d ./driver/i2c.d  ./cmsis/core_cm0.d ./cmsis/system_LPC11xx.d  i2c.axf
 
07:37:56 **** Build of configuration Debug for project i2c ****
make all 
Building file: ../startup/cr_startup_lpc11.c
Invoking: MCU C Compiler
arm-none-eabi-gcc -D__REDLIB__ -D__USE_CMSIS -DDEBUG -D__CODE_RED -I../cmsis -I../config -I../driver -O0 -g3 -Wall -c -fmessage-length=0 -fno-builtin -ffunction-sections -fdata-sections -mcpu=cortex-m0 -mthumb -MMD -MP -MF"startup/cr_startup_lpc11.d" -MT"startup/cr_startup_lpc11.d" -o "startup/cr_startup_lpc11.o" "../startup/cr_startup_lpc11.c"
Finished building: ../startup/cr_startup_lpc11.c
 
Building file: ../src/i2c_main.c
Invoking: MCU C Compiler
arm-none-eabi-gcc -D__REDLIB__ -D__USE_CMSIS -DDEBUG -D__CODE_RED -I../cmsis -I../config -I../driver -O0 -g3 -Wall -c -fmessage-length=0 -fno-builtin -ffunction-sections -fdata-sections -mcpu=cortex-m0 -mthumb -MMD -MP -MF"src/i2c_main.d" -MT"src/i2c_main.d" -o "src/i2c_main.o" "../src/i2c_main.c"
Finished building: ../src/i2c_main.c
 
Building file: ../driver/can.c
Invoking: MCU C Compiler
arm-none-eabi-gcc -D__REDLIB__ -D__USE_CMSIS -DDEBUG -D__CODE_RED -I../cmsis -I../config -I../driver -O0 -g3 -Wall -c -fmessage-length=0 -fno-builtin -ffunction-sections -fdata-sections -mcpu=cortex-m0 -mthumb -MMD -MP -MF"driver/can.d" -MT"driver/can.d" -o "driver/can.o" "../driver/can.c"
Finished building: ../driver/can.c
 
Building file: ../driver/crp.c
Invoking: MCU C Compiler
arm-none-eabi-gcc -D__REDLIB__ -D__USE_CMSIS -DDEBUG -D__CODE_RED -I../cmsis -I../config -I../driver -O0 -g3 -Wall -c -fmessage-length=0 -fno-builtin -ffunction-sections -fdata-sections -mcpu=cortex-m0 -mthumb -MMD -MP -MF"driver/crp.d" -MT"driver/crp.d" -o "driver/crp.o" "../driver/crp.c"
Finished building: ../driver/crp.c
 
Building file: ../driver/gpio.c
Invoking: MCU C Compiler
arm-none-eabi-gcc -D__REDLIB__ -D__USE_CMSIS -DDEBUG -D__CODE_RED -I../cmsis -I../config -I../driver -O0 -g3 -Wall -c -fmessage-length=0 -fno-builtin -ffunction-sections -fdata-sections -mcpu=cortex-m0 -mthumb -MMD -MP -MF"driver/gpio.d" -MT"driver/gpio.d" -o "driver/gpio.o" "../driver/gpio.c"
Finished building: ../driver/gpio.c
 
Building file: ../driver/i2c.c
Invoking: MCU C Compiler
arm-none-eabi-gcc -D__REDLIB__ -D__USE_CMSIS -DDEBUG -D__CODE_RED -I../cmsis -I../config -I../driver -O0 -g3 -Wall -c -fmessage-length=0 -fno-builtin -ffunction-sections -fdata-sections -mcpu=cortex-m0 -mthumb -MMD -MP -MF"driver/i2c.d" -MT"driver/i2c.d" -o "driver/i2c.o" "../driver/i2c.c"
Finished building: ../driver/i2c.c
 
Building file: ../cmsis/core_cm0.c
Invoking: MCU C Compiler
arm-none-eabi-gcc -D__REDLIB__ -D__USE_CMSIS -DDEBUG -D__CODE_RED -I../cmsis -I../config -I../driver -O0 -Os -g3 -Wall -c -fmessage-length=0 -fno-builtin -ffunction-sections -fdata-sections -mcpu=cortex-m0 -mthumb -MMD -MP -MF"cmsis/core_cm0.d" -MT"cmsis/core_cm0.d" -o "cmsis/core_cm0.o" "../cmsis/core_cm0.c"
Finished building: ../cmsis/core_cm0.c
 
Building file: ../cmsis/system_LPC11xx.c
Invoking: MCU C Compiler
arm-none-eabi-gcc -D__REDLIB__ -D__USE_CMSIS -DDEBUG -D__CODE_RED -I../cmsis -I../config -I../driver -O0 -Os -g3 -Wall -c -fmessage-length=0 -fno-builtin -ffunction-sections -fdata-sections -mcpu=cortex-m0 -mthumb -MMD -MP -MF"cmsis/system_LPC11xx.d" -MT"cmsis/system_LPC11xx.d" -o "cmsis/system_LPC11xx.o" "../cmsis/system_LPC11xx.c"
Finished building: ../cmsis/system_LPC11xx.c
 
Building target: i2c.axf
Invoking: MCU Linker
arm-none-eabi-gcc -nostdlib -Xlinker -Map=i2c.map -Xlinker --gc-sections -mcpu=cortex-m0 -mthumb -T "../linker/lpc1114_flash_crp.ld" -o "i2c.axf"  ./startup/cr_startup_lpc11.o  ./src/i2c_main.o  ./driver/can.o ./driver/crp.o ./driver/gpio.o ./driver/i2c.o  ./cmsis/core_cm0.o ./cmsis/system_LPC11xx.o   
Finished building target: i2c.axf
 
make --no-print-directory post-build
Performing post-build steps
arm-none-eabi-size i2c.axf; arm-none-eabi-objcopy -O binary i2c.axf i2c.bin ; checksum -p LPC1114_302 -d i2c.bin;
   text	   data	    bss	    dec	    hex	filename
   2604	      4	    156	   2764	    acc	i2c.axf
Created checksum 0xefffd62d at offset 0x1c in file i2c.bin 
07:37:58 **** Clean-only build of configuration Debug for project i2cslave ****
make clean 
rm -rf  ./startup/cr_startup_lpc11.o  ./src/i2cslave_main.o  ./driver/can.o ./driver/crp.o ./driver/gpio.o ./driver/i2cslave.o  ./cmsis/core_cm0.o ./cmsis/system_LPC11xx.o  ./startup/cr_startup_lpc11.d  ./src/i2cslave_main.d  ./driver/can.d ./driver/crp.d ./driver/gpio.d ./driver/i2cslave.d  ./cmsis/core_cm0.d ./cmsis/system_LPC11xx.d  i2c.axf
 
07:37:58 **** Build of configuration Debug for project i2cslave ****
make all 
Building file: ../startup/cr_startup_lpc11.c
Invoking: MCU C Compiler
arm-none-eabi-gcc -D__REDLIB__ -D__USE_CMSIS -DDEBUG -D__CODE_RED -I../cmsis -I../config -I../driver -O0 -g3 -Wall -c -fmessage-length=0 -fno-builtin -ffunction-sections -fdata-sections -mcpu=cortex-m0 -mthumb -MMD -MP -MF"startup/cr_startup_lpc11.d" -MT"startup/cr_startup_lpc11.d" -o "startup/cr_startup_lpc11.o" "../startup/cr_startup_lpc11.c"
Finished building: ../startup/cr_startup_lpc11.c
 
Building file: ../src/i2cslave_main.c
Invoking: MCU C Compiler
arm-none-eabi-gcc -D__REDLIB__ -D__USE_CMSIS -DDEBUG -D__CODE_RED -I../cmsis -I../config -I../driver -O0 -g3 -Wall -c -fmessage-length=0 -fno-builtin -ffunction-sections -fdata-sections -mcpu=cortex-m0 -mthumb -MMD -MP -MF"src/i2cslave_main.d" -MT"src/i2cslave_main.d" -o "src/i2cslave_main.o" "../src/i2cslave_main.c"
Finished building: ../src/i2cslave_main.c
 
Building file: ../driver/can.c
Invoking: MCU C Compiler
arm-none-eabi-gcc -D__REDLIB__ -D__USE_CMSIS -DDEBUG -D__CODE_RED -I../cmsis -I../config -I../driver -O0 -g3 -Wall -c -fmessage-length=0 -fno-builtin -ffunction-sections -fdata-sections -mcpu=cortex-m0 -mthumb -MMD -MP -MF"driver/can.d" -MT"driver/can.d" -o "driver/can.o" "../driver/can.c"
Finished building: ../driver/can.c
 
Building file: ../driver/crp.c
Invoking: MCU C Compiler
arm-none-eabi-gcc -D__REDLIB__ -D__USE_CMSIS -DDEBUG -D__CODE_RED -I../cmsis -I../config -I../driver -O0 -g3 -Wall -c -fmessage-length=0 -fno-builtin -ffunction-sections -fdata-sections -mcpu=cortex-m0 -mthumb -MMD -MP -MF"driver/crp.d" -MT"driver/crp.d" -o "driver/crp.o" "../driver/crp.c"
Finished building: ../driver/crp.c
 
Building file: ../driver/gpio.c
Invoking: MCU C Compiler
arm-none-eabi-gcc -D__REDLIB__ -D__USE_CMSIS -DDEBUG -D__CODE_RED -I../cmsis -I../config -I../driver -O0 -g3 -Wall -c -fmessage-length=0 -fno-builtin -ffunction-sections -fdata-sections -mcpu=cortex-m0 -mthumb -MMD -MP -MF"driver/gpio.d" -MT"driver/gpio.d" -o "driver/gpio.o" "../driver/gpio.c"
Finished building: ../driver/gpio.c
 
Building file: ../driver/i2cslave.c
Invoking: MCU C Compiler
arm-none-eabi-gcc -D__REDLIB__ -D__USE_CMSIS -DDEBUG -D__CODE_RED -I../cmsis -I../config -I../driver -O0 -g3 -Wall -c -fmessage-length=0 -fno-builtin -ffunction-sections -fdata-sections -mcpu=cortex-m0 -mthumb -MMD -MP -MF"driver/i2cslave.d" -MT"driver/i2cslave.d" -o "driver/i2cslave.o" "../driver/i2cslave.c"
Finished building: ../driver/i2cslave.c
 
Building file: ../cmsis/core_cm0.c
Invoking: MCU C Compiler
arm-none-eabi-gcc -D__REDLIB__ -D__USE_CMSIS -DDEBUG -D__CODE_RED -I../cmsis -I../config -I../driver -O0 -Os -g3 -Wall -c -fmessage-length=0 -fno-builtin -ffunction-sections -fdata-sections -mcpu=cortex-m0 -mthumb -MMD -MP -MF"cmsis/core_cm0.d" -MT"cmsis/core_cm0.d" -o "cmsis/core_cm0.o" "../cmsis/core_cm0.c"
Finished building: ../cmsis/core_cm0.c
 
Building file: ../cmsis/system_LPC11xx.c
Invoking: MCU C Compiler
arm-none-eabi-gcc -D__REDLIB__ -D__USE_CMSIS -DDEBUG -D__CODE_RED -I../cmsis -I../config -I../driver -O0 -Os -g3 -Wall -c -fmessage-length=0 -fno-builtin -ffunction-sections -fdata-sections -mcpu=cortex-m0 -mthumb -MMD -MP -MF"cmsis/system_LPC11xx.d" -MT"cmsis/system_LPC11xx.d" -o "cmsis/system_LPC11xx.o" "../cmsis/system_LPC11xx.c"
Finished building: ../cmsis/system_LPC11xx.c
 
Building target: i2c.axf
Invoking: MCU Linker
arm-none-eabi-gcc -nostdlib -Xlinker -Map=i2c.map -Xlinker --gc-sections -mcpu=cortex-m0 -mthumb -T "../linker/lpc1114_flash_crp.ld" -o "i2c.axf"  ./startup/cr_startup_lpc11.o  ./src/i2cslave_main.o  ./driver/can.o ./driver/crp.o ./driver/gpio.o ./driver/i2cslave.o  ./cmsis/core_cm0.o ./cmsis/system_LPC11xx.o   
Finished building target: i2c.axf
 
make --no-print-directory post-build
Performing post-build steps
arm-none-eabi-size i2c.axf; arm-none-eabi-objcopy -O binary i2c.axf i2c.bin ; checksum -p LPC1114_302 -d i2c.bin;
   text	   data	    bss	    dec	    hex	filename
   1924	      4	     38	   1966	    7ae	i2c.axf
Created checksum 0xefffd62d at offset 0x1c in file i2c.bin 
07:38:00 **** Clean-only build of configuration Debug for project invokeisp ****
make clean 
rm -rf  ./startup/cr_startup_lpc11.o  ./src/invokeisp_main.o  ./driver/can.o ./driver/crp.o  ./cmsis/core_cm0.o ./cmsis/system_LPC11xx.o  ./startup/cr_startup_lpc11.d  ./src/invokeisp_main.d  ./driver/can.d ./driver/crp.d  ./cmsis/core_cm0.d ./cmsis/system_LPC11xx.d  invokeisp.axf
 
07:38:00 **** Build of configuration Debug for project invokeisp ****
make all 
Building file: ../startup/cr_startup_lpc11.c
Invoking: MCU C Compiler
arm-none-eabi-gcc -D__REDLIB__ -D__USE_CMSIS -DDEBUG -D__CODE_RED -I../cmsis -I../config -I../driver -O0 -g3 -Wall -c -fmessage-length=0 -fno-builtin -ffunction-sections -fdata-sections -mcpu=cortex-m0 -mthumb -MMD -MP -MF"startup/cr_startup_lpc11.d" -MT"startup/cr_startup_lpc11.d" -o "startup/cr_startup_lpc11.o" "../startup/cr_startup_lpc11.c"
Finished building: ../startup/cr_startup_lpc11.c
 
Building file: ../src/invokeisp_main.c
Invoking: MCU C Compiler
arm-none-eabi-gcc -D__REDLIB__ -D__USE_CMSIS -DDEBUG -D__CODE_RED -I../cmsis -I../config -I../driver -O0 -g3 -Wall -c -fmessage-length=0 -fno-builtin -ffunction-sections -fdata-sections -mcpu=cortex-m0 -mthumb -MMD -MP -MF"src/invokeisp_main.d" -MT"src/invokeisp_main.d" -o "src/invokeisp_main.o" "../src/invokeisp_main.c"
Finished building: ../src/invokeisp_main.c
 
Building file: ../driver/can.c
Invoking: MCU C Compiler
arm-none-eabi-gcc -D__REDLIB__ -D__USE_CMSIS -DDEBUG -D__CODE_RED -I../cmsis -I../config -I../driver -O0 -g3 -Wall -c -fmessage-length=0 -fno-builtin -ffunction-sections -fdata-sections -mcpu=cortex-m0 -mthumb -MMD -MP -MF"driver/can.d" -MT"driver/can.d" -o "driver/can.o" "../driver/can.c"
Finished building: ../driver/can.c
 
Building file: ../driver/crp.c
Invoking: MCU C Compiler
arm-none-eabi-gcc -D__REDLIB__ -D__USE_CMSIS -DDEBUG -D__CODE_RED -I../cmsis -I../config -I../driver -O0 -g3 -Wall -c -fmessage-length=0 -fno-builtin -ffunction-sections -fdata-sections -mcpu=cortex-m0 -mthumb -MMD -MP -MF"driver/crp.d" -MT"driver/crp.d" -o "driver/crp.o" "../driver/crp.c"
Finished building: ../driver/crp.c
 
Building file: ../cmsis/core_cm0.c
Invoking: MCU C Compiler
arm-none-eabi-gcc -D__REDLIB__ -D__USE_CMSIS -DDEBUG -D__CODE_RED -I../cmsis -I../config -I../driver -O0 -Os -g3 -Wall -c -fmessage-length=0 -fno-builtin -ffunction-sections -fdata-sections -mcpu=cortex-m0 -mthumb -MMD -MP -MF"cmsis/core_cm0.d" -MT"cmsis/core_cm0.d" -o "cmsis/core_cm0.o" "../cmsis/core_cm0.c"
Finished building: ../cmsis/core_cm0.c
 
Building file: ../cmsis/system_LPC11xx.c
Invoking: MCU C Compiler
arm-none-eabi-gcc -D__REDLIB__ -D__USE_CMSIS -DDEBUG -D__CODE_RED -I../cmsis -I../config -I../driver -O0 -Os -g3 -Wall -c -fmessage-length=0 -fno-builtin -ffunction-sections -fdata-sections -mcpu=cortex-m0 -mthumb -MMD -MP -MF"cmsis/system_LPC11xx.d" -MT"cmsis/system_LPC11xx.d" -o "cmsis/system_LPC11xx.o" "../cmsis/system_LPC11xx.c"
Finished building: ../cmsis/system_LPC11xx.c
 
Building target: invokeisp.axf
Invoking: MCU Linker
arm-none-eabi-gcc -nostdlib -Xlinker -Map=invokeisp.map -Xlinker --gc-sections -mcpu=cortex-m0 -mthumb -T "../linker/lpc1114_flash_crp.ld" -o "invokeisp.axf"  ./startup/cr_startup_lpc11.o  ./src/invokeisp_main.o  ./driver/can.o ./driver/crp.o  ./cmsis/core_cm0.o ./cmsis/system_LPC11xx.o   
Finished building target: invokeisp.axf
 
make --no-print-directory post-build
Performing post-build steps
arm-none-eabi-size invokeisp.axf; arm-none-eabi-objcopy -O binary invokeisp.axf invokeisp.bin ; checksum -p LPC1114_302 -d invokeisp.bin;
   text	   data	    bss	    dec	    hex	filename
   1416	      8	     36	   1460	    5b4	invokeisp.axf
Created checksum 0xefffd62d at offset 0x1c in file invokeisp.bin 
07:38:02 **** Incremental Build of configuration Lib for project lib_small_printf_m0 ****
make all 
make: Nothing to be done for `all'.
07:38:02 **** Clean-only build of configuration Debug for project intpriority ****
make clean 
rm -rf  ./src/intpriority_main.o  ./driver/crp.o ./driver/debug_printf.o  ./config/intpriority_cr_startup_lpc11.o  ./cmsis/core_cm0.o ./cmsis/system_LPC11xx.o  ./src/intpriority_main.d  ./driver/crp.d ./driver/debug_printf.d  ./config/intpriority_cr_startup_lpc11.d  ./cmsis/core_cm0.d ./cmsis/system_LPC11xx.d  intpriority.axf
 
07:38:02 **** Build of configuration Debug for project intpriority ****
make all 
Building file: ../src/intpriority_main.c
Invoking: MCU C Compiler
arm-none-eabi-gcc -D__REDLIB__ -D__USE_CMSIS -DDEBUG -D__CODE_RED -I../cmsis -I"D:\ECEN 3360\LAB 1\lib_small_printf_m0\inc" -I../config -I../driver -O0 -g3 -Wall -c -fmessage-length=0 -fno-builtin -ffunction-sections -fdata-sections -mcpu=cortex-m0 -mthumb -MMD -MP -MF"src/intpriority_main.d" -MT"src/intpriority_main.d" -o "src/intpriority_main.o" "../src/intpriority_main.c"
Finished building: ../src/intpriority_main.c
 
Building file: ../driver/crp.c
Invoking: MCU C Compiler
arm-none-eabi-gcc -D__REDLIB__ -D__USE_CMSIS -DDEBUG -D__CODE_RED -I../cmsis -I"D:\ECEN 3360\LAB 1\lib_small_printf_m0\inc" -I../config -I../driver -O0 -g3 -Wall -c -fmessage-length=0 -fno-builtin -ffunction-sections -fdata-sections -mcpu=cortex-m0 -mthumb -MMD -MP -MF"driver/crp.d" -MT"driver/crp.d" -o "driver/crp.o" "../driver/crp.c"
Finished building: ../driver/crp.c
 
Building file: ../driver/debug_printf.c
Invoking: MCU C Compiler
arm-none-eabi-gcc -D__REDLIB__ -D__USE_CMSIS -DDEBUG -D__CODE_RED -I../cmsis -I"D:\ECEN 3360\LAB 1\lib_small_printf_m0\inc" -I../config -I../driver -O0 -g3 -Wall -c -fmessage-length=0 -fno-builtin -ffunction-sections -fdata-sections -mcpu=cortex-m0 -mthumb -MMD -MP -MF"driver/debug_printf.d" -MT"driver/debug_printf.d" -o "driver/debug_printf.o" "../driver/debug_printf.c"
Finished building: ../driver/debug_printf.c
 
Building file: ../config/intpriority_cr_startup_lpc11.c
Invoking: MCU C Compiler
arm-none-eabi-gcc -D__REDLIB__ -D__USE_CMSIS -DDEBUG -D__CODE_RED -I../cmsis -I"D:\ECEN 3360\LAB 1\lib_small_printf_m0\inc" -I../config -I../driver -O0 -g3 -Wall -c -fmessage-length=0 -fno-builtin -ffunction-sections -fdata-sections -mcpu=cortex-m0 -mthumb -MMD -MP -MF"config/intpriority_cr_startup_lpc11.d" -MT"config/intpriority_cr_startup_lpc11.d" -o "config/intpriority_cr_startup_lpc11.o" "../config/intpriority_cr_startup_lpc11.c"
Finished building: ../config/intpriority_cr_startup_lpc11.c
 
Building file: ../cmsis/core_cm0.c
Invoking: MCU C Compiler
arm-none-eabi-gcc -D__REDLIB__ -D__USE_CMSIS -DDEBUG -D__CODE_RED -I../cmsis -I"D:\ECEN 3360\LAB 1\lib_small_printf_m0\inc" -I../config -I../driver -O0 -g3 -Wall -c -fmessage-length=0 -fno-builtin -ffunction-sections -fdata-sections -mcpu=cortex-m0 -mthumb -MMD -MP -MF"cmsis/core_cm0.d" -MT"cmsis/core_cm0.d" -o "cmsis/core_cm0.o" "../cmsis/core_cm0.c"
Finished building: ../cmsis/core_cm0.c
 
Building file: ../cmsis/system_LPC11xx.c
Invoking: MCU C Compiler
arm-none-eabi-gcc -D__REDLIB__ -D__USE_CMSIS -DDEBUG -D__CODE_RED -I../cmsis -I"D:\ECEN 3360\LAB 1\lib_small_printf_m0\inc" -I../config -I../driver -O0 -g3 -Wall -c -fmessage-length=0 -fno-builtin -ffunction-sections -fdata-sections -mcpu=cortex-m0 -mthumb -MMD -MP -MF"cmsis/system_LPC11xx.d" -MT"cmsis/system_LPC11xx.d" -o "cmsis/system_LPC11xx.o" "../cmsis/system_LPC11xx.c"
Finished building: ../cmsis/system_LPC11xx.c
 
Building target: intpriority.axf
Invoking: MCU Linker
arm-none-eabi-gcc -nostdlib -L"D:\ECEN 3360\LAB 1\lib_small_printf_m0\Lib" -Xlinker -Map=intpriority.map -Xlinker --gc-sections -mcpu=cortex-m0 -mthumb -T "../linker/lpc1114_flash_crp.ld" -o "intpriority.axf"  ./src/intpriority_main.o  ./driver/crp.o ./driver/debug_printf.o  ./config/intpriority_cr_startup_lpc11.o  ./cmsis/core_cm0.o ./cmsis/system_LPC11xx.o   -llib_small_printf_m0
Finished building target: intpriority.axf
 
make --no-print-directory post-build
Performing post-build steps
arm-none-eabi-size intpriority.axf; arm-none-eabi-objcopy -O binary intpriority.axf intpriority.bin ; checksum -p LPC1114_302 -d intpriority.bin;
   text	   data	    bss	    dec	    hex	filename
   4451	      4	    580	   5035	   13ab	intpriority.axf
Created checksum 0xefffbe8d at offset 0x1c in file intpriority.bin 
07:38:03 **** Clean-only build of configuration Debug for project freertos ****
make clean 
rm -rf  ./src/freertos_main.o  ./freertos/src/croutine.o ./freertos/src/list.o ./freertos/src/queue.o ./freertos/src/tasks.o  ./freertos/port/memmang/heap_2.o  ./freertos/port/lpcxpresso/m0/port.o  ./driver/can.o ./driver/crp.o ./driver/debug_printf.o ./driver/small_gpio.o  ./config/freertos_cr_startup_lpc11.o  ./cmsis/core_cm0.o ./cmsis/system_LPC11xx.o  ./src/freertos_main.d  ./freertos/src/croutine.d ./freertos/src/list.d ./freertos/src/queue.d ./freertos/src/tasks.d  ./freertos/port/memmang/heap_2.d  ./freertos/port/lpcxpresso/m0/port.d  ./driver/can.d ./driver/crp.d ./driver/debug_printf.d ./driver/small_gpio.d  ./config/freertos_cr_startup_lpc11.d  ./cmsis/core_cm0.d ./cmsis/system_LPC11xx.d  freertos.axf
 
07:38:04 **** Build of configuration Debug for project freertos ****
make all 
Building file: ../src/freertos_main.c
Invoking: MCU C Compiler
arm-none-eabi-gcc -D__REDLIB__ -D__USE_CMSIS -DDEBUG -D__CODE_RED -I"D:\ECEN 3360\LAB 1\freertos\freertos\inc" -I"D:\ECEN 3360\LAB 1\lib_small_printf_m0\inc" -I"D:\ECEN 3360\LAB 1\freertos\cmsis" -I"D:\ECEN 3360\LAB 1\freertos\freertos\port\lpcxpresso\m0" -I"D:\ECEN 3360\LAB 1\freertos\config" -I"D:\ECEN 3360\LAB 1\freertos\driver" -O0 -g3 -Wall -c -fmessage-length=0 -fno-builtin -ffunction-sections -fdata-sections -mcpu=cortex-m0 -mthumb -MMD -MP -MF"src/freertos_main.d" -MT"src/freertos_main.d" -o "src/freertos_main.o" "../src/freertos_main.c"
Finished building: ../src/freertos_main.c
 
Building file: ../freertos/src/croutine.c
Invoking: MCU C Compiler
arm-none-eabi-gcc -D__REDLIB__ -D__USE_CMSIS -DDEBUG -D__CODE_RED -I"D:\ECEN 3360\LAB 1\freertos\freertos\inc" -I"D:\ECEN 3360\LAB 1\lib_small_printf_m0\inc" -I"D:\ECEN 3360\LAB 1\freertos\cmsis" -I"D:\ECEN 3360\LAB 1\freertos\freertos\port\lpcxpresso\m0" -I"D:\ECEN 3360\LAB 1\freertos\config" -I"D:\ECEN 3360\LAB 1\freertos\driver" -O0 -g3 -Wall -c -fmessage-length=0 -fno-builtin -ffunction-sections -fdata-sections -mcpu=cortex-m0 -mthumb -MMD -MP -MF"freertos/src/croutine.d" -MT"freertos/src/croutine.d" -o "freertos/src/croutine.o" "../freertos/src/croutine.c"
Finished building: ../freertos/src/croutine.c
 
Building file: ../freertos/src/list.c
Invoking: MCU C Compiler
arm-none-eabi-gcc -D__REDLIB__ -D__USE_CMSIS -DDEBUG -D__CODE_RED -I"D:\ECEN 3360\LAB 1\freertos\freertos\inc" -I"D:\ECEN 3360\LAB 1\lib_small_printf_m0\inc" -I"D:\ECEN 3360\LAB 1\freertos\cmsis" -I"D:\ECEN 3360\LAB 1\freertos\freertos\port\lpcxpresso\m0" -I"D:\ECEN 3360\LAB 1\freertos\config" -I"D:\ECEN 3360\LAB 1\freertos\driver" -O0 -g3 -Wall -c -fmessage-length=0 -fno-builtin -ffunction-sections -fdata-sections -mcpu=cortex-m0 -mthumb -MMD -MP -MF"freertos/src/list.d" -MT"freertos/src/list.d" -o "freertos/src/list.o" "../freertos/src/list.c"
Finished building: ../freertos/src/list.c
 
Building file: ../freertos/src/queue.c
Invoking: MCU C Compiler
arm-none-eabi-gcc -D__REDLIB__ -D__USE_CMSIS -DDEBUG -D__CODE_RED -I"D:\ECEN 3360\LAB 1\freertos\freertos\inc" -I"D:\ECEN 3360\LAB 1\lib_small_printf_m0\inc" -I"D:\ECEN 3360\LAB 1\freertos\cmsis" -I"D:\ECEN 3360\LAB 1\freertos\freertos\port\lpcxpresso\m0" -I"D:\ECEN 3360\LAB 1\freertos\config" -I"D:\ECEN 3360\LAB 1\freertos\driver" -O0 -g3 -Wall -c -fmessage-length=0 -fno-builtin -ffunction-sections -fdata-sections -mcpu=cortex-m0 -mthumb -MMD -MP -MF"freertos/src/queue.d" -MT"freertos/src/queue.d" -o "freertos/src/queue.o" "../freertos/src/queue.c"
Finished building: ../freertos/src/queue.c
 
Building file: ../freertos/src/tasks.c
Invoking: MCU C Compiler
arm-none-eabi-gcc -D__REDLIB__ -D__USE_CMSIS -DDEBUG -D__CODE_RED -I"D:\ECEN 3360\LAB 1\freertos\freertos\inc" -I"D:\ECEN 3360\LAB 1\lib_small_printf_m0\inc" -I"D:\ECEN 3360\LAB 1\freertos\cmsis" -I"D:\ECEN 3360\LAB 1\freertos\freertos\port\lpcxpresso\m0" -I"D:\ECEN 3360\LAB 1\freertos\config" -I"D:\ECEN 3360\LAB 1\freertos\driver" -O0 -g3 -Wall -c -fmessage-length=0 -fno-builtin -ffunction-sections -fdata-sections -mcpu=cortex-m0 -mthumb -MMD -MP -MF"freertos/src/tasks.d" -MT"freertos/src/tasks.d" -o "freertos/src/tasks.o" "../freertos/src/tasks.c"
Finished building: ../freertos/src/tasks.c
 
Building file: ../freertos/port/memmang/heap_2.c
Invoking: MCU C Compiler
arm-none-eabi-gcc -D__REDLIB__ -D__USE_CMSIS -DDEBUG -D__CODE_RED -I"D:\ECEN 3360\LAB 1\freertos\freertos\inc" -I"D:\ECEN 3360\LAB 1\lib_small_printf_m0\inc" -I"D:\ECEN 3360\LAB 1\freertos\cmsis" -I"D:\ECEN 3360\LAB 1\freertos\freertos\port\lpcxpresso\m0" -I"D:\ECEN 3360\LAB 1\freertos\config" -I"D:\ECEN 3360\LAB 1\freertos\driver" -O0 -g3 -Wall -c -fmessage-length=0 -fno-builtin -ffunction-sections -fdata-sections -mcpu=cortex-m0 -mthumb -MMD -MP -MF"freertos/port/memmang/heap_2.d" -MT"freertos/port/memmang/heap_2.d" -o "freertos/port/memmang/heap_2.o" "../freertos/port/memmang/heap_2.c"
Finished building: ../freertos/port/memmang/heap_2.c
 
Building file: ../freertos/port/lpcxpresso/m0/port.c
Invoking: MCU C Compiler
arm-none-eabi-gcc -D__REDLIB__ -D__USE_CMSIS -DDEBUG -D__CODE_RED -I"D:\ECEN 3360\LAB 1\freertos\freertos\inc" -I"D:\ECEN 3360\LAB 1\lib_small_printf_m0\inc" -I"D:\ECEN 3360\LAB 1\freertos\cmsis" -I"D:\ECEN 3360\LAB 1\freertos\freertos\port\lpcxpresso\m0" -I"D:\ECEN 3360\LAB 1\freertos\config" -I"D:\ECEN 3360\LAB 1\freertos\driver" -O0 -g3 -Wall -c -fmessage-length=0 -fno-builtin -ffunction-sections -fdata-sections -mcpu=cortex-m0 -mthumb -MMD -MP -MF"freertos/port/lpcxpresso/m0/port.d" -MT"freertos/port/lpcxpresso/m0/port.d" -o "freertos/port/lpcxpresso/m0/port.o" "../freertos/port/lpcxpresso/m0/port.c"
Finished building: ../freertos/port/lpcxpresso/m0/port.c
 
Building file: ../driver/can.c
Invoking: MCU C Compiler
arm-none-eabi-gcc -D__REDLIB__ -D__USE_CMSIS -DDEBUG -D__CODE_RED -I"D:\ECEN 3360\LAB 1\freertos\freertos\inc" -I"D:\ECEN 3360\LAB 1\lib_small_printf_m0\inc" -I"D:\ECEN 3360\LAB 1\freertos\cmsis" -I"D:\ECEN 3360\LAB 1\freertos\freertos\port\lpcxpresso\m0" -I"D:\ECEN 3360\LAB 1\freertos\config" -I"D:\ECEN 3360\LAB 1\freertos\driver" -O0 -g3 -Wall -c -fmessage-length=0 -fno-builtin -ffunction-sections -fdata-sections -mcpu=cortex-m0 -mthumb -MMD -MP -MF"driver/can.d" -MT"driver/can.d" -o "driver/can.o" "../driver/can.c"
Finished building: ../driver/can.c
 
Building file: ../driver/crp.c
Invoking: MCU C Compiler
arm-none-eabi-gcc -D__REDLIB__ -D__USE_CMSIS -DDEBUG -D__CODE_RED -I"D:\ECEN 3360\LAB 1\freertos\freertos\inc" -I"D:\ECEN 3360\LAB 1\lib_small_printf_m0\inc" -I"D:\ECEN 3360\LAB 1\freertos\cmsis" -I"D:\ECEN 3360\LAB 1\freertos\freertos\port\lpcxpresso\m0" -I"D:\ECEN 3360\LAB 1\freertos\config" -I"D:\ECEN 3360\LAB 1\freertos\driver" -O0 -g3 -Wall -c -fmessage-length=0 -fno-builtin -ffunction-sections -fdata-sections -mcpu=cortex-m0 -mthumb -MMD -MP -MF"driver/crp.d" -MT"driver/crp.d" -o "driver/crp.o" "../driver/crp.c"
Finished building: ../driver/crp.c
 
Building file: ../driver/debug_printf.c
Invoking: MCU C Compiler
arm-none-eabi-gcc -D__REDLIB__ -D__USE_CMSIS -DDEBUG -D__CODE_RED -I"D:\ECEN 3360\LAB 1\freertos\freertos\inc" -I"D:\ECEN 3360\LAB 1\lib_small_printf_m0\inc" -I"D:\ECEN 3360\LAB 1\freertos\cmsis" -I"D:\ECEN 3360\LAB 1\freertos\freertos\port\lpcxpresso\m0" -I"D:\ECEN 3360\LAB 1\freertos\config" -I"D:\ECEN 3360\LAB 1\freertos\driver" -O0 -g3 -Wall -c -fmessage-length=0 -fno-builtin -ffunction-sections -fdata-sections -mcpu=cortex-m0 -mthumb -MMD -MP -MF"driver/debug_printf.d" -MT"driver/debug_printf.d" -o "driver/debug_printf.o" "../driver/debug_printf.c"
Finished building: ../driver/debug_printf.c
 
Building file: ../driver/small_gpio.c
Invoking: MCU C Compiler
arm-none-eabi-gcc -D__REDLIB__ -D__USE_CMSIS -DDEBUG -D__CODE_RED -I"D:\ECEN 3360\LAB 1\freertos\freertos\inc" -I"D:\ECEN 3360\LAB 1\lib_small_printf_m0\inc" -I"D:\ECEN 3360\LAB 1\freertos\cmsis" -I"D:\ECEN 3360\LAB 1\freertos\freertos\port\lpcxpresso\m0" -I"D:\ECEN 3360\LAB 1\freertos\config" -I"D:\ECEN 3360\LAB 1\freertos\driver" -O0 -g3 -Wall -c -fmessage-length=0 -fno-builtin -ffunction-sections -fdata-sections -mcpu=cortex-m0 -mthumb -MMD -MP -MF"driver/small_gpio.d" -MT"driver/small_gpio.d" -o "driver/small_gpio.o" "../driver/small_gpio.c"
Finished building: ../driver/small_gpio.c
 
Building file: ../config/freertos_cr_startup_lpc11.c
Invoking: MCU C Compiler
arm-none-eabi-gcc -D__REDLIB__ -D__USE_CMSIS -DDEBUG -D__CODE_RED -I"D:\ECEN 3360\LAB 1\freertos\freertos\inc" -I"D:\ECEN 3360\LAB 1\lib_small_printf_m0\inc" -I"D:\ECEN 3360\LAB 1\freertos\cmsis" -I"D:\ECEN 3360\LAB 1\freertos\freertos\port\lpcxpresso\m0" -I"D:\ECEN 3360\LAB 1\freertos\config" -I"D:\ECEN 3360\LAB 1\freertos\driver" -O0 -g3 -Wall -c -fmessage-length=0 -fno-builtin -ffunction-sections -fdata-sections -mcpu=cortex-m0 -mthumb -MMD -MP -MF"config/freertos_cr_startup_lpc11.d" -MT"config/freertos_cr_startup_lpc11.d" -o "config/freertos_cr_startup_lpc11.o" "../config/freertos_cr_startup_lpc11.c"
Finished building: ../config/freertos_cr_startup_lpc11.c
 
Building file: ../cmsis/core_cm0.c
Invoking: MCU C Compiler
arm-none-eabi-gcc -D__REDLIB__ -D__USE_CMSIS -DDEBUG -D__CODE_RED -I"D:\ECEN 3360\LAB 1\freertos\freertos\inc" -I"D:\ECEN 3360\LAB 1\lib_small_printf_m0\inc" -I"D:\ECEN 3360\LAB 1\freertos\cmsis" -I"D:\ECEN 3360\LAB 1\freertos\freertos\port\lpcxpresso\m0" -I"D:\ECEN 3360\LAB 1\freertos\config" -I"D:\ECEN 3360\LAB 1\freertos\driver" -O0 -Os -g3 -Wall -c -fmessage-length=0 -fno-builtin -ffunction-sections -fdata-sections -mcpu=cortex-m0 -mthumb -MMD -MP -MF"cmsis/core_cm0.d" -MT"cmsis/core_cm0.d" -o "cmsis/core_cm0.o" "../cmsis/core_cm0.c"
Finished building: ../cmsis/core_cm0.c
 
Building file: ../cmsis/system_LPC11xx.c
Invoking: MCU C Compiler
arm-none-eabi-gcc -D__REDLIB__ -D__USE_CMSIS -DDEBUG -D__CODE_RED -I"D:\ECEN 3360\LAB 1\freertos\freertos\inc" -I"D:\ECEN 3360\LAB 1\lib_small_printf_m0\inc" -I"D:\ECEN 3360\LAB 1\freertos\cmsis" -I"D:\ECEN 3360\LAB 1\freertos\freertos\port\lpcxpresso\m0" -I"D:\ECEN 3360\LAB 1\freertos\config" -I"D:\ECEN 3360\LAB 1\freertos\driver" -O0 -Os -g3 -Wall -c -fmessage-length=0 -fno-builtin -ffunction-sections -fdata-sections -mcpu=cortex-m0 -mthumb -MMD -MP -MF"cmsis/system_LPC11xx.d" -MT"cmsis/system_LPC11xx.d" -o "cmsis/system_LPC11xx.o" "../cmsis/system_LPC11xx.c"
Finished building: ../cmsis/system_LPC11xx.c
 
Building target: freertos.axf
Invoking: MCU Linker
arm-none-eabi-gcc -nostdlib -L"D:\ECEN 3360\LAB 1\lib_small_printf_m0\Lib" -Xlinker -Map=freertos.map -Xlinker --gc-sections -mcpu=cortex-m0 -mthumb -T "../linker/lpc1114_flash_crp.ld" -o "freertos.axf"  ./src/freertos_main.o  ./freertos/src/croutine.o ./freertos/src/list.o ./freertos/src/queue.o ./freertos/src/tasks.o  ./freertos/port/memmang/heap_2.o  ./freertos/port/lpcxpresso/m0/port.o  ./driver/can.o ./driver/crp.o ./driver/debug_printf.o ./driver/small_gpio.o  ./config/freertos_cr_startup_lpc11.o  ./cmsis/core_cm0.o ./cmsis/system_LPC11xx.o   -llib_small_printf_m0
Finished building target: freertos.axf
 
make --no-print-directory post-build
Performing post-build steps
arm-none-eabi-size freertos.axf; arm-none-eabi-objcopy -O binary freertos.axf freertos.bin ; checksum -p LPC1114_302 -d freertos.bin;
   text	   data	    bss	    dec	    hex	filename
   6308	      8	   2370	   8686	   21ee	freertos.axf
Created checksum 0xefffa201 at offset 0x1c in file freertos.bin 
07:38:07 **** Incremental Build of configuration Debug for project adc ****
make all 
Building file: ../src/adc_main.c
Invoking: MCU C Compiler
arm-none-eabi-gcc -D__REDLIB__ -D__USE_CMSIS -DDEBUG -D__CODE_RED -I../cmsis -I"D:\ECEN 3360\LAB 1\lib_small_printf_m0\inc" -I../config -I../driver -O0 -g3 -Wall -c -fmessage-length=0 -fno-builtin -ffunction-sections -fdata-sections -mcpu=cortex-m0 -mthumb -MMD -MP -MF"src/adc_main.d" -MT"src/adc_main.d" -o "src/adc_main.o" "../src/adc_main.c"
../src/adc_main.c: In function 'main':
../src/adc_main.c:88:3: warning: implicit declaration of function 'init_timer32' [-Wimplicit-function-declaration]
../src/adc_main.c:88:19: error: 'TIME_INTERVAL' undeclared (first use in this function)
../src/adc_main.c:88:19: note: each undeclared identifier is reported only once for each function it appears in
../src/adc_main.c:92:3: warning: implicit declaration of function 'enable_timer32' [-Wimplicit-function-declaration]
../src/adc_main.c:132:8: error: 'timer32_0_counter' undeclared (first use in this function)
make: *** [src/adc_main.o] Error 1
07:38:07 **** Clean-only build of configuration Debug for project power_api_demo ****
make clean 
rm -rf  ./startup/cr_startup_lpc11.o  ./src/power_api_demo.o  ./driver/adc.o ./driver/can.o ./driver/clkconfig.o ./driver/crp.o ./driver/debug_printf.o ./driver/gpio.o ./driver/i2c.o ./driver/i2cslave.o ./driver/lpc_swu.o ./driver/rs485.o ./driver/small_gpio.o ./driver/ssp.o ./driver/timer16.o ./driver/timer32.o ./driver/uart.o ./driver/wdt.o  ./cmsis/core_cm0.o ./cmsis/system_LPC11xx.o  ./startup/cr_startup_lpc11.d  ./src/power_api_demo.d  ./driver/adc.d ./driver/can.d ./driver/clkconfig.d ./driver/crp.d ./driver/debug_printf.d ./driver/gpio.d ./driver/i2c.d ./driver/i2cslave.d ./driver/lpc_swu.d ./driver/rs485.d ./driver/small_gpio.d ./driver/ssp.d ./driver/timer16.d ./driver/timer32.d ./driver/uart.d ./driver/wdt.d  ./cmsis/core_cm0.d ./cmsis/system_LPC11xx.d  power_api_demo.axf
 
07:38:08 **** Build of configuration Debug for project power_api_demo ****
make all 
Building file: ../startup/cr_startup_lpc11.c
Invoking: MCU C Compiler
arm-none-eabi-gcc -D__REDLIB__ -DDEBUG -D__CODE_RED -DTARGET_SHORTCHIP=lpc11 -DTARGET_CHIP=LPC1114/302 -I"D:\ECEN 3360\LAB 1\power_api_demo\cmsis" -I"D:\ECEN 3360\LAB 1\power_api_demo\config" -I"D:\ECEN 3360\LAB 1\power_api_demo\startup" -I"D:\ECEN 3360\LAB 1\power_api_demo\driver" -O0 -g3 -Wall -c -fmessage-length=0 -fno-builtin -ffunction-sections -fdata-sections -mcpu=cortex-m0 -mthumb -MMD -MP -MF"startup/cr_startup_lpc11.d" -MT"startup/cr_startup_lpc11.d" -o "startup/cr_startup_lpc11.o" "../startup/cr_startup_lpc11.c"
Finished building: ../startup/cr_startup_lpc11.c
 
Building file: ../src/power_api_demo.c
Invoking: MCU C Compiler
arm-none-eabi-gcc -D__REDLIB__ -DDEBUG -D__CODE_RED -DTARGET_SHORTCHIP=lpc11 -DTARGET_CHIP=LPC1114/302 -I"D:\ECEN 3360\LAB 1\power_api_demo\cmsis" -I"D:\ECEN 3360\LAB 1\power_api_demo\config" -I"D:\ECEN 3360\LAB 1\power_api_demo\startup" -I"D:\ECEN 3360\LAB 1\power_api_demo\driver" -O0 -g3 -Wall -c -fmessage-length=0 -fno-builtin -ffunction-sections -fdata-sections -mcpu=cortex-m0 -mthumb -MMD -MP -MF"src/power_api_demo.d" -MT"src/power_api_demo.d" -o "src/power_api_demo.o" "../src/power_api_demo.c"
Finished building: ../src/power_api_demo.c
 
Building file: ../driver/adc.c
Invoking: MCU C Compiler
arm-none-eabi-gcc -D__REDLIB__ -DDEBUG -D__CODE_RED -DTARGET_SHORTCHIP=lpc11 -DTARGET_CHIP=LPC1114/302 -I"D:\ECEN 3360\LAB 1\power_api_demo\cmsis" -I"D:\ECEN 3360\LAB 1\power_api_demo\config" -I"D:\ECEN 3360\LAB 1\power_api_demo\startup" -I"D:\ECEN 3360\LAB 1\power_api_demo\driver" -O0 -g3 -Wall -c -fmessage-length=0 -fno-builtin -ffunction-sections -fdata-sections -mcpu=cortex-m0 -mthumb -MMD -MP -MF"driver/adc.d" -MT"driver/adc.d" -o "driver/adc.o" "../driver/adc.c"
Finished building: ../driver/adc.c
 
Building file: ../driver/can.c
Invoking: MCU C Compiler
arm-none-eabi-gcc -D__REDLIB__ -DDEBUG -D__CODE_RED -DTARGET_SHORTCHIP=lpc11 -DTARGET_CHIP=LPC1114/302 -I"D:\ECEN 3360\LAB 1\power_api_demo\cmsis" -I"D:\ECEN 3360\LAB 1\power_api_demo\config" -I"D:\ECEN 3360\LAB 1\power_api_demo\startup" -I"D:\ECEN 3360\LAB 1\power_api_demo\driver" -O0 -g3 -Wall -c -fmessage-length=0 -fno-builtin -ffunction-sections -fdata-sections -mcpu=cortex-m0 -mthumb -MMD -MP -MF"driver/can.d" -MT"driver/can.d" -o "driver/can.o" "../driver/can.c"
Finished building: ../driver/can.c
 
Building file: ../driver/clkconfig.c
Invoking: MCU C Compiler
arm-none-eabi-gcc -D__REDLIB__ -DDEBUG -D__CODE_RED -DTARGET_SHORTCHIP=lpc11 -DTARGET_CHIP=LPC1114/302 -I"D:\ECEN 3360\LAB 1\power_api_demo\cmsis" -I"D:\ECEN 3360\LAB 1\power_api_demo\config" -I"D:\ECEN 3360\LAB 1\power_api_demo\startup" -I"D:\ECEN 3360\LAB 1\power_api_demo\driver" -O0 -g3 -Wall -c -fmessage-length=0 -fno-builtin -ffunction-sections -fdata-sections -mcpu=cortex-m0 -mthumb -MMD -MP -MF"driver/clkconfig.d" -MT"driver/clkconfig.d" -o "driver/clkconfig.o" "../driver/clkconfig.c"
Finished building: ../driver/clkconfig.c
 
Building file: ../driver/crp.c
Invoking: MCU C Compiler
arm-none-eabi-gcc -D__REDLIB__ -DDEBUG -D__CODE_RED -DTARGET_SHORTCHIP=lpc11 -DTARGET_CHIP=LPC1114/302 -I"D:\ECEN 3360\LAB 1\power_api_demo\cmsis" -I"D:\ECEN 3360\LAB 1\power_api_demo\config" -I"D:\ECEN 3360\LAB 1\power_api_demo\startup" -I"D:\ECEN 3360\LAB 1\power_api_demo\driver" -O0 -g3 -Wall -c -fmessage-length=0 -fno-builtin -ffunction-sections -fdata-sections -mcpu=cortex-m0 -mthumb -MMD -MP -MF"driver/crp.d" -MT"driver/crp.d" -o "driver/crp.o" "../driver/crp.c"
Finished building: ../driver/crp.c
 
Building file: ../driver/debug_printf.c
Invoking: MCU C Compiler
arm-none-eabi-gcc -D__REDLIB__ -DDEBUG -D__CODE_RED -DTARGET_SHORTCHIP=lpc11 -DTARGET_CHIP=LPC1114/302 -I"D:\ECEN 3360\LAB 1\power_api_demo\cmsis" -I"D:\ECEN 3360\LAB 1\power_api_demo\config" -I"D:\ECEN 3360\LAB 1\power_api_demo\startup" -I"D:\ECEN 3360\LAB 1\power_api_demo\driver" -O0 -g3 -Wall -c -fmessage-length=0 -fno-builtin -ffunction-sections -fdata-sections -mcpu=cortex-m0 -mthumb -MMD -MP -MF"driver/debug_printf.d" -MT"driver/debug_printf.d" -o "driver/debug_printf.o" "../driver/debug_printf.c"
Finished building: ../driver/debug_printf.c
 
Building file: ../driver/gpio.c
Invoking: MCU C Compiler
arm-none-eabi-gcc -D__REDLIB__ -DDEBUG -D__CODE_RED -DTARGET_SHORTCHIP=lpc11 -DTARGET_CHIP=LPC1114/302 -I"D:\ECEN 3360\LAB 1\power_api_demo\cmsis" -I"D:\ECEN 3360\LAB 1\power_api_demo\config" -I"D:\ECEN 3360\LAB 1\power_api_demo\startup" -I"D:\ECEN 3360\LAB 1\power_api_demo\driver" -O0 -g3 -Wall -c -fmessage-length=0 -fno-builtin -ffunction-sections -fdata-sections -mcpu=cortex-m0 -mthumb -MMD -MP -MF"driver/gpio.d" -MT"driver/gpio.d" -o "driver/gpio.o" "../driver/gpio.c"
Finished building: ../driver/gpio.c
 
Building file: ../driver/i2c.c
Invoking: MCU C Compiler
arm-none-eabi-gcc -D__REDLIB__ -DDEBUG -D__CODE_RED -DTARGET_SHORTCHIP=lpc11 -DTARGET_CHIP=LPC1114/302 -I"D:\ECEN 3360\LAB 1\power_api_demo\cmsis" -I"D:\ECEN 3360\LAB 1\power_api_demo\config" -I"D:\ECEN 3360\LAB 1\power_api_demo\startup" -I"D:\ECEN 3360\LAB 1\power_api_demo\driver" -O0 -g3 -Wall -c -fmessage-length=0 -fno-builtin -ffunction-sections -fdata-sections -mcpu=cortex-m0 -mthumb -MMD -MP -MF"driver/i2c.d" -MT"driver/i2c.d" -o "driver/i2c.o" "../driver/i2c.c"
Finished building: ../driver/i2c.c
 
Building file: ../driver/i2cslave.c
Invoking: MCU C Compiler
arm-none-eabi-gcc -D__REDLIB__ -DDEBUG -D__CODE_RED -DTARGET_SHORTCHIP=lpc11 -DTARGET_CHIP=LPC1114/302 -I"D:\ECEN 3360\LAB 1\power_api_demo\cmsis" -I"D:\ECEN 3360\LAB 1\power_api_demo\config" -I"D:\ECEN 3360\LAB 1\power_api_demo\startup" -I"D:\ECEN 3360\LAB 1\power_api_demo\driver" -O0 -g3 -Wall -c -fmessage-length=0 -fno-builtin -ffunction-sections -fdata-sections -mcpu=cortex-m0 -mthumb -MMD -MP -MF"driver/i2cslave.d" -MT"driver/i2cslave.d" -o "driver/i2cslave.o" "../driver/i2cslave.c"
Finished building: ../driver/i2cslave.c
 
Building file: ../driver/lpc_swu.c
Invoking: MCU C Compiler
arm-none-eabi-gcc -D__REDLIB__ -DDEBUG -D__CODE_RED -DTARGET_SHORTCHIP=lpc11 -DTARGET_CHIP=LPC1114/302 -I"D:\ECEN 3360\LAB 1\power_api_demo\cmsis" -I"D:\ECEN 3360\LAB 1\power_api_demo\config" -I"D:\ECEN 3360\LAB 1\power_api_demo\startup" -I"D:\ECEN 3360\LAB 1\power_api_demo\driver" -O0 -g3 -Wall -c -fmessage-length=0 -fno-builtin -ffunction-sections -fdata-sections -mcpu=cortex-m0 -mthumb -MMD -MP -MF"driver/lpc_swu.d" -MT"driver/lpc_swu.d" -o "driver/lpc_swu.o" "../driver/lpc_swu.c"
Finished building: ../driver/lpc_swu.c
 
Building file: ../driver/rs485.c
Invoking: MCU C Compiler
arm-none-eabi-gcc -D__REDLIB__ -DDEBUG -D__CODE_RED -DTARGET_SHORTCHIP=lpc11 -DTARGET_CHIP=LPC1114/302 -I"D:\ECEN 3360\LAB 1\power_api_demo\cmsis" -I"D:\ECEN 3360\LAB 1\power_api_demo\config" -I"D:\ECEN 3360\LAB 1\power_api_demo\startup" -I"D:\ECEN 3360\LAB 1\power_api_demo\driver" -O0 -g3 -Wall -c -fmessage-length=0 -fno-builtin -ffunction-sections -fdata-sections -mcpu=cortex-m0 -mthumb -MMD -MP -MF"driver/rs485.d" -MT"driver/rs485.d" -o "driver/rs485.o" "../driver/rs485.c"
Finished building: ../driver/rs485.c
 
Building file: ../driver/small_gpio.c
Invoking: MCU C Compiler
arm-none-eabi-gcc -D__REDLIB__ -DDEBUG -D__CODE_RED -DTARGET_SHORTCHIP=lpc11 -DTARGET_CHIP=LPC1114/302 -I"D:\ECEN 3360\LAB 1\power_api_demo\cmsis" -I"D:\ECEN 3360\LAB 1\power_api_demo\config" -I"D:\ECEN 3360\LAB 1\power_api_demo\startup" -I"D:\ECEN 3360\LAB 1\power_api_demo\driver" -O0 -g3 -Wall -c -fmessage-length=0 -fno-builtin -ffunction-sections -fdata-sections -mcpu=cortex-m0 -mthumb -MMD -MP -MF"driver/small_gpio.d" -MT"driver/small_gpio.d" -o "driver/small_gpio.o" "../driver/small_gpio.c"
Finished building: ../driver/small_gpio.c
 
Building file: ../driver/ssp.c
Invoking: MCU C Compiler
arm-none-eabi-gcc -D__REDLIB__ -DDEBUG -D__CODE_RED -DTARGET_SHORTCHIP=lpc11 -DTARGET_CHIP=LPC1114/302 -I"D:\ECEN 3360\LAB 1\power_api_demo\cmsis" -I"D:\ECEN 3360\LAB 1\power_api_demo\config" -I"D:\ECEN 3360\LAB 1\power_api_demo\startup" -I"D:\ECEN 3360\LAB 1\power_api_demo\driver" -O0 -g3 -Wall -c -fmessage-length=0 -fno-builtin -ffunction-sections -fdata-sections -mcpu=cortex-m0 -mthumb -MMD -MP -MF"driver/ssp.d" -MT"driver/ssp.d" -o "driver/ssp.o" "../driver/ssp.c"
Finished building: ../driver/ssp.c
 
Building file: ../driver/timer16.c
Invoking: MCU C Compiler
arm-none-eabi-gcc -D__REDLIB__ -DDEBUG -D__CODE_RED -DTARGET_SHORTCHIP=lpc11 -DTARGET_CHIP=LPC1114/302 -I"D:\ECEN 3360\LAB 1\power_api_demo\cmsis" -I"D:\ECEN 3360\LAB 1\power_api_demo\config" -I"D:\ECEN 3360\LAB 1\power_api_demo\startup" -I"D:\ECEN 3360\LAB 1\power_api_demo\driver" -O0 -g3 -Wall -c -fmessage-length=0 -fno-builtin -ffunction-sections -fdata-sections -mcpu=cortex-m0 -mthumb -MMD -MP -MF"driver/timer16.d" -MT"driver/timer16.d" -o "driver/timer16.o" "../driver/timer16.c"
Finished building: ../driver/timer16.c
 
Building file: ../driver/timer32.c
Invoking: MCU C Compiler
arm-none-eabi-gcc -D__REDLIB__ -DDEBUG -D__CODE_RED -DTARGET_SHORTCHIP=lpc11 -DTARGET_CHIP=LPC1114/302 -I"D:\ECEN 3360\LAB 1\power_api_demo\cmsis" -I"D:\ECEN 3360\LAB 1\power_api_demo\config" -I"D:\ECEN 3360\LAB 1\power_api_demo\startup" -I"D:\ECEN 3360\LAB 1\power_api_demo\driver" -O0 -g3 -Wall -c -fmessage-length=0 -fno-builtin -ffunction-sections -fdata-sections -mcpu=cortex-m0 -mthumb -MMD -MP -MF"driver/timer32.d" -MT"driver/timer32.d" -o "driver/timer32.o" "../driver/timer32.c"
Finished building: ../driver/timer32.c
 
[...]
Finished building: ../driver/debug_printf.c
 
Building file: ../driver/gpio.c
Invoking: MCU C Compiler
arm-none-eabi-gcc -D__REDLIB__ -D__USE_CMSIS -DDEBUG -D__CODE_RED -I../cmsis -I"D:\ECEN 3360\LAB 1\lib_small_printf_m0\inc" -I../config -I../driver -O0 -g3 -Wall -c -fmessage-length=0 -fno-builtin -ffunction-sections -fdata-sections -mcpu=cortex-m0 -mthumb -MMD -MP -MF"driver/gpio.d" -MT"driver/gpio.d" -o "driver/gpio.o" "../driver/gpio.c"
Finished building: ../driver/gpio.c
 
Building file: ../driver/timer32.c
Invoking: MCU C Compiler
arm-none-eabi-gcc -D__REDLIB__ -D__USE_CMSIS -DDEBUG -D__CODE_RED -I../cmsis -I"D:\ECEN 3360\LAB 1\lib_small_printf_m0\inc" -I../config -I../driver -O0 -g3 -Wall -c -fmessage-length=0 -fno-builtin -ffunction-sections -fdata-sections -mcpu=cortex-m0 -mthumb -MMD -MP -MF"driver/timer32.d" -MT"driver/timer32.d" -o "driver/timer32.o" "../driver/timer32.c"
Finished building: ../driver/timer32.c
 
Building file: ../cmsis/core_cm0.c
Invoking: MCU C Compiler
arm-none-eabi-gcc -D__REDLIB__ -D__USE_CMSIS -DDEBUG -D__CODE_RED -I../cmsis -I"D:\ECEN 3360\LAB 1\lib_small_printf_m0\inc" -I../config -I../driver -O0 -Os -g3 -Wall -c -fmessage-length=0 -fno-builtin -ffunction-sections -fdata-sections -mcpu=cortex-m0 -mthumb -MMD -MP -MF"cmsis/core_cm0.d" -MT"cmsis/core_cm0.d" -o "cmsis/core_cm0.o" "../cmsis/core_cm0.c"
Finished building: ../cmsis/core_cm0.c
 
Building file: ../cmsis/system_LPC11xx.c
Invoking: MCU C Compiler
arm-none-eabi-gcc -D__REDLIB__ -D__USE_CMSIS -DDEBUG -D__CODE_RED -I../cmsis -I"D:\ECEN 3360\LAB 1\lib_small_printf_m0\inc" -I../config -I../driver -O0 -Os -g3 -Wall -c -fmessage-length=0 -fno-builtin -ffunction-sections -fdata-sections -mcpu=cortex-m0 -mthumb -MMD -MP -MF"cmsis/system_LPC11xx.d" -MT"cmsis/system_LPC11xx.d" -o "cmsis/system_LPC11xx.o" "../cmsis/system_LPC11xx.c"
Finished building: ../cmsis/system_LPC11xx.c
 
Building target: adc.axf
Invoking: MCU Linker
arm-none-eabi-gcc -nostdlib -L"D:\ECEN 3360\LAB 1\lib_small_printf_m0\Lib" -Xlinker -Map=adc.map -Xlinker --gc-sections -mcpu=cortex-m0 -mthumb -T "../linker/lpc1114_flash_crp.ld" -o "adc.axf"  ./startup/cr_startup_lpc11.o  ./src/adc_main.o  ./driver/adc.o ./driver/crp.o ./driver/debug_printf.o ./driver/gpio.o ./driver/timer32.o  ./cmsis/core_cm0.o ./cmsis/system_LPC11xx.o   -llib_small_printf_m0
Finished building target: adc.axf
 
make --no-print-directory post-build
Performing post-build steps
arm-none-eabi-size adc.axf; arm-none-eabi-objcopy -O binary adc.axf adc.bin ; checksum -p LPC1114_302 -d adc.bin;
   text	   data	    bss	    dec	    hex	filename
   3903	      4	    136	   4043	    fcb	adc.axf
Created checksum 0xefffd62d at offset 0x1c in file adc.bin 
07:41:48 **** Incremental Build of configuration Lib for project lib_small_printf_m0 ****
make all 
make: Nothing to be done for `all'.
07:41:48 **** Incremental Build of configuration Debug for project adc ****
make all 
Building file: ../src/adc_main.c
Invoking: MCU C Compiler
arm-none-eabi-gcc -D__REDLIB__ -D__USE_CMSIS -DDEBUG -D__CODE_RED -I../cmsis -I"D:\ECEN 3360\LAB 1\lib_small_printf_m0\inc" -I../config -I../driver -O0 -g3 -Wall -c -fmessage-length=0 -fno-builtin -ffunction-sections -fdata-sections -mcpu=cortex-m0 -mthumb -MMD -MP -MF"src/adc_main.d" -MT"src/adc_main.d" -o "src/adc_main.o" "../src/adc_main.c"
Finished building: ../src/adc_main.c
 
Building target: adc.axf
Invoking: MCU Linker
arm-none-eabi-gcc -nostdlib -L"D:\ECEN 3360\LAB 1\lib_small_printf_m0\Lib" -Xlinker -Map=adc.map -Xlinker --gc-sections -mcpu=cortex-m0 -mthumb -T "../linker/lpc1114_flash_crp.ld" -o "adc.axf"  ./startup/cr_startup_lpc11.o  ./src/adc_main.o  ./driver/adc.o ./driver/crp.o ./driver/debug_printf.o ./driver/gpio.o ./driver/timer32.o  ./cmsis/core_cm0.o ./cmsis/system_LPC11xx.o   -llib_small_printf_m0
Finished building target: adc.axf
 
make --no-print-directory post-build
Performing post-build steps
arm-none-eabi-size adc.axf; arm-none-eabi-objcopy -O binary adc.axf adc.bin ; checksum -p LPC1114_302 -d adc.bin;
   text	   data	    bss	    dec	    hex	filename
   3907	      4	    136	   4047	    fcf	adc.axf
Created checksum 0xefffd62d at offset 0x1c in file adc.bin 
07:42:00 **** Incremental Build of configuration Debug for project adc ****
make all 
make: Nothing to be done for `all'.
07:46:49 **** Incremental Build of configuration Lib for project lib_small_printf_m0 ****
make all 
make: Nothing to be done for `all'.
07:46:50 **** Incremental Build of configuration Debug for project adc ****
make all 
Building file: ../src/adc_main.c
Invoking: MCU C Compiler
arm-none-eabi-gcc -D__REDLIB__ -D__USE_CMSIS -DDEBUG -D__CODE_RED -I../cmsis -I"D:\ECEN 3360\LAB 1\lib_small_printf_m0\inc" -I../config -I../driver -O0 -g3 -Wall -c -fmessage-length=0 -fno-builtin -ffunction-sections -fdata-sections -mcpu=cortex-m0 -mthumb -MMD -MP -MF"src/adc_main.d" -MT"src/adc_main.d" -o "src/adc_main.o" "../src/adc_main.c"
../src/adc_main.c: In function 'main':
../src/adc_main.c:107:11: error: 'ADC0IntDone' undeclared (first use in this function)
../src/adc_main.c:107:11: note: each undeclared identifier is reported only once for each function it appears in
../src/adc_main.c:94:12: warning: unused variable 'i' [-Wunused-variable]
make: *** [src/adc_main.o] Error 1
07:50:59 **** Incremental Build of configuration Lib for project lib_small_printf_m0 ****
make all 
make: Nothing to be done for `all'.
07:50:59 **** Incremental Build of configuration Debug for project adc ****
make all 
Building file: ../src/adc_main.c
Invoking: MCU C Compiler
arm-none-eabi-gcc -D__REDLIB__ -D__USE_CMSIS -DDEBUG -D__CODE_RED -I../cmsis -I"D:\ECEN 3360\LAB 1\lib_small_printf_m0\inc" -I../config -I../driver -O0 -g3 -Wall -c -fmessage-length=0 -fno-builtin -ffunction-sections -fdata-sections -mcpu=cortex-m0 -mthumb -MMD -MP -MF"src/adc_main.d" -MT"src/adc_main.d" -o "src/adc_main.o" "../src/adc_main.c"
Finished building: ../src/adc_main.c
 
Building file: ../driver/adc.c
Invoking: MCU C Compiler
arm-none-eabi-gcc -D__REDLIB__ -D__USE_CMSIS -DDEBUG -D__CODE_RED -I../cmsis -I"D:\ECEN 3360\LAB 1\lib_small_printf_m0\inc" -I../config -I../driver -O0 -g3 -Wall -c -fmessage-length=0 -fno-builtin -ffunction-sections -fdata-sections -mcpu=cortex-m0 -mthumb -MMD -MP -MF"driver/adc.d" -MT"driver/adc.d" -o "driver/adc.o" "../driver/adc.c"
Finished building: ../driver/adc.c
 
Building target: adc.axf
Invoking: MCU Linker
arm-none-eabi-gcc -nostdlib -L"D:\ECEN 3360\LAB 1\lib_small_printf_m0\Lib" -Xlinker -Map=adc.map -Xlinker --gc-sections -mcpu=cortex-m0 -mthumb -T "../linker/lpc1114_flash_crp.ld" -o "adc.axf"  ./startup/cr_startup_lpc11.o  ./src/adc_main.o  ./driver/adc.o ./driver/crp.o ./driver/debug_printf.o ./driver/gpio.o ./driver/timer32.o  ./cmsis/core_cm0.o ./cmsis/system_LPC11xx.o   -llib_small_printf_m0
Finished building target: adc.axf
 
make --no-print-directory post-build
Performing post-build steps
arm-none-eabi-size adc.axf; arm-none-eabi-objcopy -O binary adc.axf adc.bin ; checksum -p LPC1114_302 -d adc.bin;
   text	   data	    bss	    dec	    hex	filename
   3955	      4	    136	   4095	    fff	adc.axf
Created checksum 0xefffd62d at offset 0x1c in file adc.bin 
07:51:55 **** Incremental Build of configuration Lib for project lib_small_printf_m0 ****
make all 
make: Nothing to be done for `all'.
07:51:55 **** Incremental Build of configuration Debug for project adc ****
make all 
make: Nothing to be done for `all'.
07:55:06 **** Incremental Build of configuration Debug for project blinky ****
make all 
make: Nothing to be done for `all'.
07:55:19 **** Incremental Build of configuration Lib for project lib_small_printf_m0 ****
make all 
make: Nothing to be done for `all'.
07:55:19 **** Incremental Build of configuration Debug for project adc ****
make all 
Building file: ../src/adc_main.c
Invoking: MCU C Compiler
arm-none-eabi-gcc -D__REDLIB__ -D__USE_CMSIS -DDEBUG -D__CODE_RED -I../cmsis -I"D:\ECEN 3360\LAB 1\lib_small_printf_m0\inc" -I../config -I../driver -O0 -g3 -Wall -c -fmessage-length=0 -fno-builtin -ffunction-sections -fdata-sections -mcpu=cortex-m0 -mthumb -MMD -MP -MF"src/adc_main.d" -MT"src/adc_main.d" -o "src/adc_main.o" "../src/adc_main.c"
../src/adc_main.c: In function 'main':
../src/adc_main.c:96:3: error: unknown type name 'bool'
../src/adc_main.c:141:4: error: 'toggle' undeclared (first use in this function)
../src/adc_main.c:141:4: note: each undeclared identifier is reported only once for each function it appears in
make: *** [src/adc_main.o] Error 1
07:55:32 **** Incremental Build of configuration Lib for project lib_small_printf_m0 ****
make all 
make: Nothing to be done for `all'.
07:55:33 **** Incremental Build of configuration Debug for project adc ****
make all 
Building file: ../src/adc_main.c
Invoking: MCU C Compiler
arm-none-eabi-gcc -D__REDLIB__ -D__USE_CMSIS -DDEBUG -D__CODE_RED -I../cmsis -I"D:\ECEN 3360\LAB 1\lib_small_printf_m0\inc" -I../config -I../driver -O0 -g3 -Wall -c -fmessage-length=0 -fno-builtin -ffunction-sections -fdata-sections -mcpu=cortex-m0 -mthumb -MMD -MP -MF"src/adc_main.d" -MT"src/adc_main.d" -o "src/adc_main.o" "../src/adc_main.c"
../src/adc_main.c: In function 'main':
../src/adc_main.c:96:3: error: unknown type name 'bool'
../src/adc_main.c:141:4: error: 'toggle' undeclared (first use in this function)
../src/adc_main.c:141:4: note: each undeclared identifier is reported only once for each function it appears in
make: *** [src/adc_main.o] Error 1
07:55:43 **** Incremental Build of configuration Lib for project lib_small_printf_m0 ****
make all 
make: Nothing to be done for `all'.
07:55:43 **** Incremental Build of configuration Debug for project adc ****
make all 
Building file: ../src/adc_main.c
Invoking: MCU C Compiler
arm-none-eabi-gcc -D__REDLIB__ -D__USE_CMSIS -DDEBUG -D__CODE_RED -I../cmsis -I"D:\ECEN 3360\LAB 1\lib_small_printf_m0\inc" -I../config -I../driver -O0 -g3 -Wall -c -fmessage-length=0 -fno-builtin -ffunction-sections -fdata-sections -mcpu=cortex-m0 -mthumb -MMD -MP -MF"src/adc_main.d" -MT"src/adc_main.d" -o "src/adc_main.o" "../src/adc_main.c"
../src/adc_main.c: In function 'main':
../src/adc_main.c:96:3: error: unknown type name 'bool'
../src/adc_main.c:141:4: error: 'toggle' undeclared (first use in this function)
../src/adc_main.c:141:4: note: each undeclared identifier is reported only once for each function it appears in
make: *** [src/adc_main.o] Error 1
07:56:14 **** Incremental Build of configuration Lib for project lib_small_printf_m0 ****
make all 
make: Nothing to be done for `all'.
07:56:14 **** Incremental Build of configuration Debug for project adc ****
make all 
Building file: ../src/adc_main.c
Invoking: MCU C Compiler
arm-none-eabi-gcc -D__REDLIB__ -D__USE_CMSIS -DDEBUG -D__CODE_RED -I../cmsis -I"D:\ECEN 3360\LAB 1\lib_small_printf_m0\inc" -I../config -I../driver -O0 -g3 -Wall -c -fmessage-length=0 -fno-builtin -ffunction-sections -fdata-sections -mcpu=cortex-m0 -mthumb -MMD -MP -MF"src/adc_main.d" -MT"src/adc_main.d" -o "src/adc_main.o" "../src/adc_main.c"
../src/adc_main.c: In function 'main':
../src/adc_main.c:96:3: error: unknown type name 'boolean'
make: *** [src/adc_main.o] Error 1
07:57:22 **** Incremental Build of configuration Lib for project lib_small_printf_m0 ****
make all 
make: Nothing to be done for `all'.
07:57:22 **** Incremental Build of configuration Debug for project adc ****
make all 
Building file: ../src/adc_main.c
Invoking: MCU C Compiler
arm-none-eabi-gcc -D__REDLIB__ -D__USE_CMSIS -DDEBUG -D__CODE_RED -I../cmsis -I"D:\ECEN 3360\LAB 1\lib_small_printf_m0\inc" -I../config -I../driver -O0 -g3 -Wall -c -fmessage-length=0 -fno-builtin -ffunction-sections -fdata-sections -mcpu=cortex-m0 -mthumb -MMD -MP -MF"src/adc_main.d" -MT"src/adc_main.d" -o "src/adc_main.o" "../src/adc_main.c"
../src/adc_main.c: In function 'main':
../src/adc_main.c:96:3: error: unknown type name 'BOOL_8'
make: *** [src/adc_main.o] Error 1
07:58:28 **** Incremental Build of configuration Lib for project lib_small_printf_m0 ****
make all 
make: Nothing to be done for `all'.
07:58:28 **** Incremental Build of configuration Debug for project adc ****
make all 
Building file: ../src/adc_main.c
Invoking: MCU C Compiler
arm-none-eabi-gcc -D__REDLIB__ -D__USE_CMSIS -DDEBUG -D__CODE_RED -I../cmsis -I"D:\ECEN 3360\LAB 1\lib_small_printf_m0\inc" -I../config -I../driver -O0 -g3 -Wall -c -fmessage-length=0 -fno-builtin -ffunction-sections -fdata-sections -mcpu=cortex-m0 -mthumb -MMD -MP -MF"src/adc_main.d" -MT"src/adc_main.d" -o "src/adc_main.o" "../src/adc_main.c"
Finished building: ../src/adc_main.c
 
Building target: adc.axf
Invoking: MCU Linker
arm-none-eabi-gcc -nostdlib -L"D:\ECEN 3360\LAB 1\lib_small_printf_m0\Lib" -Xlinker -Map=adc.map -Xlinker --gc-sections -mcpu=cortex-m0 -mthumb -T "../linker/lpc1114_flash_crp.ld" -o "adc.axf"  ./startup/cr_startup_lpc11.o  ./src/adc_main.o  ./driver/adc.o ./driver/crp.o ./driver/debug_printf.o ./driver/gpio.o ./driver/timer32.o  ./cmsis/core_cm0.o ./cmsis/system_LPC11xx.o   -llib_small_printf_m0
Finished building target: adc.axf
 
make --no-print-directory post-build
Performing post-build steps
arm-none-eabi-size adc.axf; arm-none-eabi-objcopy -O binary adc.axf adc.bin ; checksum -p LPC1114_302 -d adc.bin;
   text	   data	    bss	    dec	    hex	filename
   3919	      4	    136	   4059	    fdb	adc.axf
Created checksum 0xefffd62d at offset 0x1c in file adc.bin 
07:59:48 **** Incremental Build of configuration Lib for project lib_small_printf_m0 ****
make all 
make: Nothing to be done for `all'.
07:59:48 **** Incremental Build of configuration Debug for project adc ****
make all 
Building file: ../src/adc_main.c
Invoking: MCU C Compiler
arm-none-eabi-gcc -D__REDLIB__ -D__USE_CMSIS -DDEBUG -D__CODE_RED -I../cmsis -I"D:\ECEN 3360\LAB 1\lib_small_printf_m0\inc" -I../config -I../driver -O0 -g3 -Wall -c -fmessage-length=0 -fno-builtin -ffunction-sections -fdata-sections -mcpu=cortex-m0 -mthumb -MMD -MP -MF"src/adc_main.d" -MT"src/adc_main.d" -o "src/adc_main.o" "../src/adc_main.c"
Finished building: ../src/adc_main.c
 
Building target: adc.axf
Invoking: MCU Linker
arm-none-eabi-gcc -nostdlib -L"D:\ECEN 3360\LAB 1\lib_small_printf_m0\Lib" -Xlinker -Map=adc.map -Xlinker --gc-sections -mcpu=cortex-m0 -mthumb -T "../linker/lpc1114_flash_crp.ld" -o "adc.axf"  ./startup/cr_startup_lpc11.o  ./src/adc_main.o  ./driver/adc.o ./driver/crp.o ./driver/debug_printf.o ./driver/gpio.o ./driver/timer32.o  ./cmsis/core_cm0.o ./cmsis/system_LPC11xx.o   -llib_small_printf_m0
Finished building target: adc.axf
 
make --no-print-directory post-build
Performing post-build steps
arm-none-eabi-size adc.axf; arm-none-eabi-objcopy -O binary adc.axf adc.bin ; checksum -p LPC1114_302 -d adc.bin;
   text	   data	    bss	    dec	    hex	filename
   3927	      4	    136	   4067	    fe3	adc.axf
Created checksum 0xefffd62d at offset 0x1c in file adc.bin 
08:00:48 **** Incremental Build of configuration Lib for project lib_small_printf_m0 ****
make all 
make: Nothing to be done for `all'.
08:00:48 **** Incremental Build of configuration Debug for project adc ****
make all 
Building file: ../src/adc_main.c
Invoking: MCU C Compiler
arm-none-eabi-gcc -D__REDLIB__ -D__USE_CMSIS -DDEBUG -D__CODE_RED -I../cmsis -I"D:\ECEN 3360\LAB 1\lib_small_printf_m0\inc" -I../config -I../driver -O0 -g3 -Wall -c -fmessage-length=0 -fno-builtin -ffunction-sections -fdata-sections -mcpu=cortex-m0 -mthumb -MMD -MP -MF"src/adc_main.d" -MT"src/adc_main.d" -o "src/adc_main.o" "../src/adc_main.c"
../src/adc_main.c: In function 'main':
../src/adc_main.c:96:3: error: unknown type name 'bool'
make: *** [src/adc_main.o] Error 1
08:01:53 **** Incremental Build of configuration Lib for project lib_small_printf_m0 ****
make all 
make: Nothing to be done for `all'.
08:01:53 **** Incremental Build of configuration Debug for project adc ****
make all 
Building file: ../src/adc_main.c
Invoking: MCU C Compiler
arm-none-eabi-gcc -D__REDLIB__ -D__USE_CMSIS -DDEBUG -D__CODE_RED -I../cmsis -I"D:\ECEN 3360\LAB 1\lib_small_printf_m0\inc" -I../config -I../driver -O0 -g3 -Wall -c -fmessage-length=0 -fno-builtin -ffunction-sections -fdata-sections -mcpu=cortex-m0 -mthumb -MMD -MP -MF"src/adc_main.d" -MT"src/adc_main.d" -o "src/adc_main.o" "../src/adc_main.c"
Finished building: ../src/adc_main.c
 
Building target: adc.axf
Invoking: MCU Linker
arm-none-eabi-gcc -nostdlib -L"D:\ECEN 3360\LAB 1\lib_small_printf_m0\Lib" -Xlinker -Map=adc.map -Xlinker --gc-sections -mcpu=cortex-m0 -mthumb -T "../linker/lpc1114_flash_crp.ld" -o "adc.axf"  ./startup/cr_startup_lpc11.o  ./src/adc_main.o  ./driver/adc.o ./driver/crp.o ./driver/debug_printf.o ./driver/gpio.o ./driver/timer32.o  ./cmsis/core_cm0.o ./cmsis/system_LPC11xx.o   -llib_small_printf_m0
Finished building target: adc.axf
 
make --no-print-directory post-build
Performing post-build steps
arm-none-eabi-size adc.axf; arm-none-eabi-objcopy -O binary adc.axf adc.bin ; checksum -p LPC1114_302 -d adc.bin;
   text	   data	    bss	    dec	    hex	filename
   3939	      4	    136	   4079	    fef	adc.axf
Created checksum 0xefffd62d at offset 0x1c in file adc.bin 
08:03:16 **** Incremental Build of configuration Lib for project lib_small_printf_m0 ****
make all 
make: Nothing to be done for `all'.
08:03:17 **** Incremental Build of configuration Debug for project adc ****
make all 
make: Nothing to be done for `all'.
08:03:28 **** Incremental Build of configuration Lib for project lib_small_printf_m0 ****
make all 
make: Nothing to be done for `all'.
08:03:29 **** Incremental Build of configuration Debug for project adc ****
make all 
make: Nothing to be done for `all'.
08:03:38 **** Incremental Build of configuration Lib for project lib_small_printf_m0 ****
make all 
make: Nothing to be done for `all'.
08:03:39 **** Incremental Build of configuration Debug for project adc ****
make all 
make: Nothing to be done for `all'.
08:04:04 **** Incremental Build of configuration Lib for project lib_small_printf_m0 ****
make all 
make: Nothing to be done for `all'.
08:04:04 **** Incremental Build of configuration Debug for project adc ****
make all 
make: Nothing to be done for `all'.
08:05:57 **** Incremental Build of configuration Lib for project lib_small_printf_m0 ****
make all 
make: Nothing to be done for `all'.
08:05:57 **** Incremental Build of configuration Debug for project adc ****
make all 
Building file: ../src/adc_main.c
Invoking: MCU C Compiler
arm-none-eabi-gcc -D__REDLIB__ -D__USE_CMSIS -DDEBUG -D__CODE_RED -I../cmsis -I"D:\ECEN 3360\LAB 1\lib_small_printf_m0\inc" -I../config -I../driver -O0 -g3 -Wall -c -fmessage-length=0 -fno-builtin -ffunction-sections -fdata-sections -mcpu=cortex-m0 -mthumb -MMD -MP -MF"src/adc_main.d" -MT"src/adc_main.d" -o "src/adc_main.o" "../src/adc_main.c"
Finished building: ../src/adc_main.c
 
Building target: adc.axf
Invoking: MCU Linker
arm-none-eabi-gcc -nostdlib -L"D:\ECEN 3360\LAB 1\lib_small_printf_m0\Lib" -Xlinker -Map=adc.map -Xlinker --gc-sections -mcpu=cortex-m0 -mthumb -T "../linker/lpc1114_flash_crp.ld" -o "adc.axf"  ./startup/cr_startup_lpc11.o  ./src/adc_main.o  ./driver/adc.o ./driver/crp.o ./driver/debug_printf.o ./driver/gpio.o ./driver/timer32.o  ./cmsis/core_cm0.o ./cmsis/system_LPC11xx.o   -llib_small_printf_m0
Finished building target: adc.axf
 
make --no-print-directory post-build
Performing post-build steps
arm-none-eabi-size adc.axf; arm-none-eabi-objcopy -O binary adc.axf adc.bin ; checksum -p LPC1114_302 -d adc.bin;
   text	   data	    bss	    dec	    hex	filename
   3943	      4	    136	   4083	    ff3	adc.axf
Created checksum 0xefffd62d at offset 0x1c in file adc.bin 
