Archive member included because of file (symbol)

D:\ECEN 3360\LAB 1\lib_small_printf_m0\Lib\liblib_small_printf_m0.a(small_printf_nofloat.o)
                              ./driver/debug_printf.o (printf_format_nofloat)
D:\ECEN 3360\LAB 1\lib_small_printf_m0\Lib\liblib_small_printf_m0.a(small_printf_support.o)
                              D:\ECEN 3360\LAB 1\lib_small_printf_m0\Lib\liblib_small_printf_m0.a(small_printf_nofloat.o) (prints)
D:\ECEN 3360\LAB 1\lib_small_printf_m0\Lib\liblib_small_printf_m0.a(small_utils.o)
                              ./driver/debug_printf.o (small_strlen)
c:/nxp/lpcxpresso_5.2.6_2137/lpcxpresso/tools/bin/../lib/gcc/arm-none-eabi/4.6.2/../../../../arm-none-eabi/lib/armv6-m\libcr_c.a(__weak__main.o)
                              ./startup/cr_startup_lpc11.o (__main)
c:/nxp/lpcxpresso_5.2.6_2137/lpcxpresso/tools/bin/../lib/gcc/arm-none-eabi/4.6.2/../../../../arm-none-eabi/lib/armv6-m\libcr_semihost.a(__sys_write.o)
                              ./driver/debug_printf.o (__write)
c:/nxp/lpcxpresso_5.2.6_2137/lpcxpresso/tools/bin/../lib/gcc/arm-none-eabi/4.6.2/armv6-m\libcr_eabihelpers.a(division.o)
                              ./driver/debug_printf.o (__aeabi_idivmod)
c:/nxp/lpcxpresso_5.2.6_2137/lpcxpresso/tools/bin/../lib/gcc/arm-none-eabi/4.6.2/armv6-m\libcr_eabihelpers.a(double.o)
                              ./src/adc_main.o (__aeabi_dmul)
c:/nxp/lpcxpresso_5.2.6_2137/lpcxpresso/tools/bin/../lib/gcc/arm-none-eabi/4.6.2/armv6-m\libcr_eabihelpers.a(llong.o)
                              c:/nxp/lpcxpresso_5.2.6_2137/lpcxpresso/tools/bin/../lib/gcc/arm-none-eabi/4.6.2/armv6-m\libcr_eabihelpers.a(double.o) (__aeabi_lmul)

Allocating common symbols
Common symbol       size              file

fseek               0x4               ./driver/debug_printf.o
fclose              0x4               ./driver/debug_printf.o
ADCValue            0x20              ./driver/adc.o

Discarded input sections

 .text          0x00000000        0x0 ./startup/cr_startup_lpc11.o
 .data          0x00000000        0x0 ./startup/cr_startup_lpc11.o
 .bss           0x00000000        0x0 ./startup/cr_startup_lpc11.o
 .text          0x00000000        0x0 ./src/adc_main.o
 .data          0x00000000        0x0 ./src/adc_main.o
 .bss           0x00000000        0x0 ./src/adc_main.o
 .rodata.LPC_GPIO
                0x00000000       0x10 ./src/adc_main.o
 .text.ConvertDigital
                0x00000000       0x4c ./src/adc_main.o
 .text.FillString
                0x00000000       0x44 ./src/adc_main.o
 .text.ADCBar   0x00000000      0x130 ./src/adc_main.o
 .text          0x00000000        0x0 ./driver/adc.o
 .data          0x00000000        0x0 ./driver/adc.o
 .bss           0x00000000        0x0 ./driver/adc.o
 .text.ADCBurstRead
                0x00000000       0x48 ./driver/adc.o
 .text          0x00000000        0x0 ./driver/crp.o
 .data          0x00000000        0x0 ./driver/crp.o
 .bss           0x00000000        0x0 ./driver/crp.o
 .text          0x00000000        0x0 ./driver/debug_printf.o
 .data          0x00000000        0x0 ./driver/debug_printf.o
 .bss           0x00000000        0x0 ./driver/debug_printf.o
 .bss.debug_read_buf
                0x00000000       0x18 ./driver/debug_printf.o
 .text._debug_getstr
                0x00000000       0x58 ./driver/debug_printf.o
 .text._debug_puts
                0x00000000       0x30 ./driver/debug_printf.o
 COMMON         0x00000000        0x8 ./driver/debug_printf.o
 .text          0x00000000        0x0 ./driver/gpio.o
 .data          0x00000000        0x0 ./driver/gpio.o
 .bss           0x00000000        0x0 ./driver/gpio.o
 .text.GPIOSetInterrupt
                0x00000000      0x334 ./driver/gpio.o
 .text.GPIOIntEnable
                0x00000000       0xa8 ./driver/gpio.o
 .text.GPIOIntDisable
                0x00000000       0xa8 ./driver/gpio.o
 .text.GPIOIntStatus
                0x00000000       0xb4 ./driver/gpio.o
 .text.GPIOIntClear
                0x00000000       0xa8 ./driver/gpio.o
 .text.GPIOSetValue
                0x00000000       0x38 ./driver/gpio.o
 .text          0x00000000        0x0 ./driver/timer32.o
 .data          0x00000000        0x0 ./driver/timer32.o
 .bss           0x00000000        0x0 ./driver/timer32.o
 .bss.timer32_0_period
                0x00000000        0x4 ./driver/timer32.o
 .bss.timer32_1_period
                0x00000000        0x4 ./driver/timer32.o
 .text.delay32Ms
                0x00000000       0xe4 ./driver/timer32.o
 .text.disable_timer32
                0x00000000       0x30 ./driver/timer32.o
 .text.reset_timer32
                0x00000000       0x4c ./driver/timer32.o
 .text.init_timer32PWM
                0x00000000      0x22c ./driver/timer32.o
 .text.setMatch_timer32PWM
                0x00000000       0xa4 ./driver/timer32.o
 .text          0x00000000        0x0 ./cmsis/core_cm0.o
 .data          0x00000000        0x0 ./cmsis/core_cm0.o
 .bss           0x00000000        0x0 ./cmsis/core_cm0.o
 .text.__get_PSP
                0x00000000        0x8 ./cmsis/core_cm0.o
 .text.__set_PSP
                0x00000000        0x6 ./cmsis/core_cm0.o
 .text.__get_MSP
                0x00000000        0x8 ./cmsis/core_cm0.o
 .text.__set_MSP
                0x00000000        0x6 ./cmsis/core_cm0.o
 .text.__get_PRIMASK
                0x00000000        0x6 ./cmsis/core_cm0.o
 .text.__set_PRIMASK
                0x00000000        0x6 ./cmsis/core_cm0.o
 .text.__get_CONTROL
                0x00000000        0x6 ./cmsis/core_cm0.o
 .text.__set_CONTROL
                0x00000000        0x6 ./cmsis/core_cm0.o
 .text.__REV    0x00000000        0x4 ./cmsis/core_cm0.o
 .text.__REV16  0x00000000        0x4 ./cmsis/core_cm0.o
 .text.__REVSH  0x00000000        0x4 ./cmsis/core_cm0.o
 .text          0x00000000        0x0 ./cmsis/system_LPC11xx.o
 .data          0x00000000        0x0 ./cmsis/system_LPC11xx.o
 .bss           0x00000000        0x0 ./cmsis/system_LPC11xx.o
 .text          0x00000000        0x0 D:\ECEN 3360\LAB 1\lib_small_printf_m0\Lib\liblib_small_printf_m0.a(small_printf_nofloat.o)
 .data          0x00000000        0x0 D:\ECEN 3360\LAB 1\lib_small_printf_m0\Lib\liblib_small_printf_m0.a(small_printf_nofloat.o)
 .bss           0x00000000        0x0 D:\ECEN 3360\LAB 1\lib_small_printf_m0\Lib\liblib_small_printf_m0.a(small_printf_nofloat.o)
 .text.func_printf_nofloat
                0x00000000       0x16 D:\ECEN 3360\LAB 1\lib_small_printf_m0\Lib\liblib_small_printf_m0.a(small_printf_nofloat.o)
 .text.nsprintf
                0x00000000       0x24 D:\ECEN 3360\LAB 1\lib_small_printf_m0\Lib\liblib_small_printf_m0.a(small_printf_nofloat.o)
 .text          0x00000000        0x0 D:\ECEN 3360\LAB 1\lib_small_printf_m0\Lib\liblib_small_printf_m0.a(small_printf_support.o)
 .data          0x00000000        0x0 D:\ECEN 3360\LAB 1\lib_small_printf_m0\Lib\liblib_small_printf_m0.a(small_printf_support.o)
 .bss           0x00000000        0x0 D:\ECEN 3360\LAB 1\lib_small_printf_m0\Lib\liblib_small_printf_m0.a(small_printf_support.o)
 .text.nsprintf_write_init
                0x00000000       0x1c D:\ECEN 3360\LAB 1\lib_small_printf_m0\Lib\liblib_small_printf_m0.a(small_printf_support.o)
 .text.nsprintf_write
                0x00000000       0x30 D:\ECEN 3360\LAB 1\lib_small_printf_m0\Lib\liblib_small_printf_m0.a(small_printf_support.o)
 .bss.nsprintf_buffer_index
                0x00000000        0x4 D:\ECEN 3360\LAB 1\lib_small_printf_m0\Lib\liblib_small_printf_m0.a(small_printf_support.o)
 .bss.nsprintf_buffer
                0x00000000        0x4 D:\ECEN 3360\LAB 1\lib_small_printf_m0\Lib\liblib_small_printf_m0.a(small_printf_support.o)
 .bss.nsprintf_buffer_length
                0x00000000        0x4 D:\ECEN 3360\LAB 1\lib_small_printf_m0\Lib\liblib_small_printf_m0.a(small_printf_support.o)
 .text          0x00000000        0x0 D:\ECEN 3360\LAB 1\lib_small_printf_m0\Lib\liblib_small_printf_m0.a(small_utils.o)
 .data          0x00000000        0x0 D:\ECEN 3360\LAB 1\lib_small_printf_m0\Lib\liblib_small_printf_m0.a(small_utils.o)
 .bss           0x00000000        0x0 D:\ECEN 3360\LAB 1\lib_small_printf_m0\Lib\liblib_small_printf_m0.a(small_utils.o)
 .text.small_strlen
                0x00000000       0x12 D:\ECEN 3360\LAB 1\lib_small_printf_m0\Lib\liblib_small_printf_m0.a(small_utils.o)
 .text.small_strcmp
                0x00000000       0x1e D:\ECEN 3360\LAB 1\lib_small_printf_m0\Lib\liblib_small_printf_m0.a(small_utils.o)
 .text.small_stricmp
                0x00000000       0x34 D:\ECEN 3360\LAB 1\lib_small_printf_m0\Lib\liblib_small_printf_m0.a(small_utils.o)
 .text.small_strim
                0x00000000       0x2c D:\ECEN 3360\LAB 1\lib_small_printf_m0\Lib\liblib_small_printf_m0.a(small_utils.o)
 .text.gethex   0x00000000       0x34 D:\ECEN 3360\LAB 1\lib_small_printf_m0\Lib\liblib_small_printf_m0.a(small_utils.o)
 .text.small_fmodf
                0x00000000       0x68 D:\ECEN 3360\LAB 1\lib_small_printf_m0\Lib\liblib_small_printf_m0.a(small_utils.o)
 .text          0x00000000        0x0 c:/nxp/lpcxpresso_5.2.6_2137/lpcxpresso/tools/bin/../lib/gcc/arm-none-eabi/4.6.2/../../../../arm-none-eabi/lib/armv6-m\libcr_c.a(__weak__main.o)
 .data          0x00000000        0x0 c:/nxp/lpcxpresso_5.2.6_2137/lpcxpresso/tools/bin/../lib/gcc/arm-none-eabi/4.6.2/../../../../arm-none-eabi/lib/armv6-m\libcr_c.a(__weak__main.o)
 .bss           0x00000000        0x0 c:/nxp/lpcxpresso_5.2.6_2137/lpcxpresso/tools/bin/../lib/gcc/arm-none-eabi/4.6.2/../../../../arm-none-eabi/lib/armv6-m\libcr_c.a(__weak__main.o)
 .text          0x00000000        0x0 c:/nxp/lpcxpresso_5.2.6_2137/lpcxpresso/tools/bin/../lib/gcc/arm-none-eabi/4.6.2/../../../../arm-none-eabi/lib/armv6-m\libcr_semihost.a(__sys_write.o)
 .data          0x00000000        0x0 c:/nxp/lpcxpresso_5.2.6_2137/lpcxpresso/tools/bin/../lib/gcc/arm-none-eabi/4.6.2/../../../../arm-none-eabi/lib/armv6-m\libcr_semihost.a(__sys_write.o)
 .bss           0x00000000        0x0 c:/nxp/lpcxpresso_5.2.6_2137/lpcxpresso/tools/bin/../lib/gcc/arm-none-eabi/4.6.2/../../../../arm-none-eabi/lib/armv6-m\libcr_semihost.a(__sys_write.o)
 .text          0x00000000        0x0 c:/nxp/lpcxpresso_5.2.6_2137/lpcxpresso/tools/bin/../lib/gcc/arm-none-eabi/4.6.2/armv6-m\libcr_eabihelpers.a(division.o)
 .data          0x00000000        0x0 c:/nxp/lpcxpresso_5.2.6_2137/lpcxpresso/tools/bin/../lib/gcc/arm-none-eabi/4.6.2/armv6-m\libcr_eabihelpers.a(division.o)
 .bss           0x00000000        0x0 c:/nxp/lpcxpresso_5.2.6_2137/lpcxpresso/tools/bin/../lib/gcc/arm-none-eabi/4.6.2/armv6-m\libcr_eabihelpers.a(division.o)
 .text.__aeabi_division_uldivmod
                0x00000000       0x5a c:/nxp/lpcxpresso_5.2.6_2137/lpcxpresso/tools/bin/../lib/gcc/arm-none-eabi/4.6.2/armv6-m\libcr_eabihelpers.a(division.o)
 .text.__aeabi_division_ldivmod
                0x00000000       0x32 c:/nxp/lpcxpresso_5.2.6_2137/lpcxpresso/tools/bin/../lib/gcc/arm-none-eabi/4.6.2/armv6-m\libcr_eabihelpers.a(division.o)
 .text.__aeabi_division_ldiv0
                0x00000000        0x2 c:/nxp/lpcxpresso_5.2.6_2137/lpcxpresso/tools/bin/../lib/gcc/arm-none-eabi/4.6.2/armv6-m\libcr_eabihelpers.a(division.o)
 .text.__aeabi_division_idivq31+15
                0x00000000      0x188 c:/nxp/lpcxpresso_5.2.6_2137/lpcxpresso/tools/bin/../lib/gcc/arm-none-eabi/4.6.2/armv6-m\libcr_eabihelpers.a(division.o)
 .text          0x00000000        0x0 c:/nxp/lpcxpresso_5.2.6_2137/lpcxpresso/tools/bin/../lib/gcc/arm-none-eabi/4.6.2/armv6-m\libcr_eabihelpers.a(double.o)
 .data          0x00000000        0x0 c:/nxp/lpcxpresso_5.2.6_2137/lpcxpresso/tools/bin/../lib/gcc/arm-none-eabi/4.6.2/armv6-m\libcr_eabihelpers.a(double.o)
 .bss           0x00000000        0x0 c:/nxp/lpcxpresso_5.2.6_2137/lpcxpresso/tools/bin/../lib/gcc/arm-none-eabi/4.6.2/armv6-m\libcr_eabihelpers.a(double.o)
 .text.__aeabi_dmul
                0x00000000      0x180 c:/nxp/lpcxpresso_5.2.6_2137/lpcxpresso/tools/bin/../lib/gcc/arm-none-eabi/4.6.2/armv6-m\libcr_eabihelpers.a(double.o)
 .text.__aeabi_ddiv
                0x00000000      0x178 c:/nxp/lpcxpresso_5.2.6_2137/lpcxpresso/tools/bin/../lib/gcc/arm-none-eabi/4.6.2/armv6-m\libcr_eabihelpers.a(double.o)
 .text.__aeabi_dsub
                0x00000000      0x1d8 c:/nxp/lpcxpresso_5.2.6_2137/lpcxpresso/tools/bin/../lib/gcc/arm-none-eabi/4.6.2/armv6-m\libcr_eabihelpers.a(double.o)
 .text.__aeabi_dadd
                0x00000000      0x140 c:/nxp/lpcxpresso_5.2.6_2137/lpcxpresso/tools/bin/../lib/gcc/arm-none-eabi/4.6.2/armv6-m\libcr_eabihelpers.a(double.o)
 .text.__aeabi_drsub
                0x00000000       0x28 c:/nxp/lpcxpresso_5.2.6_2137/lpcxpresso/tools/bin/../lib/gcc/arm-none-eabi/4.6.2/armv6-m\libcr_eabihelpers.a(double.o)
 .text.__aeabi_dneg
                0x00000000       0x10 c:/nxp/lpcxpresso_5.2.6_2137/lpcxpresso/tools/bin/../lib/gcc/arm-none-eabi/4.6.2/armv6-m\libcr_eabihelpers.a(double.o)
 .text.__aeabi_d2f
                0x00000000       0x5c c:/nxp/lpcxpresso_5.2.6_2137/lpcxpresso/tools/bin/../lib/gcc/arm-none-eabi/4.6.2/armv6-m\libcr_eabihelpers.a(double.o)
 .text.__aeabi_d2iz
                0x00000000       0x4c c:/nxp/lpcxpresso_5.2.6_2137/lpcxpresso/tools/bin/../lib/gcc/arm-none-eabi/4.6.2/armv6-m\libcr_eabihelpers.a(double.o)
 .text.__aeabi_d2uiz
                0x00000000       0x38 c:/nxp/lpcxpresso_5.2.6_2137/lpcxpresso/tools/bin/../lib/gcc/arm-none-eabi/4.6.2/armv6-m\libcr_eabihelpers.a(double.o)
 .text.__aeabi_d2lz
                0x00000000       0x78 c:/nxp/lpcxpresso_5.2.6_2137/lpcxpresso/tools/bin/../lib/gcc/arm-none-eabi/4.6.2/armv6-m\libcr_eabihelpers.a(double.o)
 .text.__aeabi_d2ulz
                0x00000000       0x58 c:/nxp/lpcxpresso_5.2.6_2137/lpcxpresso/tools/bin/../lib/gcc/arm-none-eabi/4.6.2/armv6-m\libcr_eabihelpers.a(double.o)
 .text.__bhs_ui2d
                0x00000000       0x5e c:/nxp/lpcxpresso_5.2.6_2137/lpcxpresso/tools/bin/../lib/gcc/arm-none-eabi/4.6.2/armv6-m\libcr_eabihelpers.a(double.o)
 .text.__bhs_ul2d
                0x00000000       0xb4 c:/nxp/lpcxpresso_5.2.6_2137/lpcxpresso/tools/bin/../lib/gcc/arm-none-eabi/4.6.2/armv6-m\libcr_eabihelpers.a(double.o)
 .text.__aeabi_i2d
                0x00000000       0x16 c:/nxp/lpcxpresso_5.2.6_2137/lpcxpresso/tools/bin/../lib/gcc/arm-none-eabi/4.6.2/armv6-m\libcr_eabihelpers.a(double.o)
 .text.__aeabi_ui2d
                0x00000000        0xc c:/nxp/lpcxpresso_5.2.6_2137/lpcxpresso/tools/bin/../lib/gcc/arm-none-eabi/4.6.2/armv6-m\libcr_eabihelpers.a(double.o)
 .text.__aeabi_l2d
                0x00000000       0x20 c:/nxp/lpcxpresso_5.2.6_2137/lpcxpresso/tools/bin/../lib/gcc/arm-none-eabi/4.6.2/armv6-m\libcr_eabihelpers.a(double.o)
 .text.__aeabi_ul2d
                0x00000000        0xc c:/nxp/lpcxpresso_5.2.6_2137/lpcxpresso/tools/bin/../lib/gcc/arm-none-eabi/4.6.2/armv6-m\libcr_eabihelpers.a(double.o)
 .text.__aeabi_dcmpeq
                0x00000000       0x40 c:/nxp/lpcxpresso_5.2.6_2137/lpcxpresso/tools/bin/../lib/gcc/arm-none-eabi/4.6.2/armv6-m\libcr_eabihelpers.a(double.o)
 .text.__aeabi_dcmplt
                0x00000000       0x64 c:/nxp/lpcxpresso_5.2.6_2137/lpcxpresso/tools/bin/../lib/gcc/arm-none-eabi/4.6.2/armv6-m\libcr_eabihelpers.a(double.o)
 .text.__aeabi_dcmpgt
                0x00000000       0x64 c:/nxp/lpcxpresso_5.2.6_2137/lpcxpresso/tools/bin/../lib/gcc/arm-none-eabi/4.6.2/armv6-m\libcr_eabihelpers.a(double.o)
 .text.__aeabi_dcmple
                0x00000000       0x64 c:/nxp/lpcxpresso_5.2.6_2137/lpcxpresso/tools/bin/../lib/gcc/arm-none-eabi/4.6.2/armv6-m\libcr_eabihelpers.a(double.o)
 .text.__aeabi_dcmpge
                0x00000000       0x64 c:/nxp/lpcxpresso_5.2.6_2137/lpcxpresso/tools/bin/../lib/gcc/arm-none-eabi/4.6.2/armv6-m\libcr_eabihelpers.a(double.o)
 .text.__aeabi_dcmpun
                0x00000000       0x1c c:/nxp/lpcxpresso_5.2.6_2137/lpcxpresso/tools/bin/../lib/gcc/arm-none-eabi/4.6.2/armv6-m\libcr_eabihelpers.a(double.o)
 .text.__aeabi_cdcmple
                0x00000000       0x2e c:/nxp/lpcxpresso_5.2.6_2137/lpcxpresso/tools/bin/../lib/gcc/arm-none-eabi/4.6.2/armv6-m\libcr_eabihelpers.a(double.o)
 .text.__aeabi_cdrcmple
                0x00000000       0x14 c:/nxp/lpcxpresso_5.2.6_2137/lpcxpresso/tools/bin/../lib/gcc/arm-none-eabi/4.6.2/armv6-m\libcr_eabihelpers.a(double.o)
 .text          0x00000000        0x0 c:/nxp/lpcxpresso_5.2.6_2137/lpcxpresso/tools/bin/../lib/gcc/arm-none-eabi/4.6.2/armv6-m\libcr_eabihelpers.a(llong.o)
 .data          0x00000000        0x0 c:/nxp/lpcxpresso_5.2.6_2137/lpcxpresso/tools/bin/../lib/gcc/arm-none-eabi/4.6.2/armv6-m\libcr_eabihelpers.a(llong.o)
 .bss           0x00000000        0x0 c:/nxp/lpcxpresso_5.2.6_2137/lpcxpresso/tools/bin/../lib/gcc/arm-none-eabi/4.6.2/armv6-m\libcr_eabihelpers.a(llong.o)
 .text.__aeabi_llong_lmul
                0x00000000       0x2e c:/nxp/lpcxpresso_5.2.6_2137/lpcxpresso/tools/bin/../lib/gcc/arm-none-eabi/4.6.2/armv6-m\libcr_eabihelpers.a(llong.o)
 .text.__aeabi_llong_llsl
                0x00000000       0x18 c:/nxp/lpcxpresso_5.2.6_2137/lpcxpresso/tools/bin/../lib/gcc/arm-none-eabi/4.6.2/armv6-m\libcr_eabihelpers.a(llong.o)
 .text.__aeabi_llong_llsr
                0x00000000       0x18 c:/nxp/lpcxpresso_5.2.6_2137/lpcxpresso/tools/bin/../lib/gcc/arm-none-eabi/4.6.2/armv6-m\libcr_eabihelpers.a(llong.o)
 .text.__aeabi_llong_lasr
                0x00000000       0x18 c:/nxp/lpcxpresso_5.2.6_2137/lpcxpresso/tools/bin/../lib/gcc/arm-none-eabi/4.6.2/armv6-m\libcr_eabihelpers.a(llong.o)
 .text.__aeabi_llong_lcmp
                0x00000000       0x14 c:/nxp/lpcxpresso_5.2.6_2137/lpcxpresso/tools/bin/../lib/gcc/arm-none-eabi/4.6.2/armv6-m\libcr_eabihelpers.a(llong.o)
 .text.__aeabi_llong_ulcmp
                0x00000000       0x10 c:/nxp/lpcxpresso_5.2.6_2137/lpcxpresso/tools/bin/../lib/gcc/arm-none-eabi/4.6.2/armv6-m\libcr_eabihelpers.a(llong.o)

Memory Configuration

Name             Origin             Length             Attributes
MFlash32         0x00000000         0x00008000         xr
RamLoc8          0x10000000         0x00002000         xrw
*default*        0x00000000         0xffffffff

Linker script and memory map

LOAD ./startup/cr_startup_lpc11.o
LOAD ./src/adc_main.o
LOAD ./driver/adc.o
LOAD ./driver/crp.o
LOAD ./driver/debug_printf.o
LOAD ./driver/gpio.o
LOAD ./driver/timer32.o
LOAD ./cmsis/core_cm0.o
LOAD ./cmsis/system_LPC11xx.o
LOAD D:\ECEN 3360\LAB 1\lib_small_printf_m0\Lib\liblib_small_printf_m0.a
START GROUP
LOAD c:/nxp/lpcxpresso_5.2.6_2137/lpcxpresso/tools/bin/../lib/gcc/arm-none-eabi/4.6.2/../../../../arm-none-eabi/lib/armv6-m\libcr_c.a
LOAD c:/nxp/lpcxpresso_5.2.6_2137/lpcxpresso/tools/bin/../lib/gcc/arm-none-eabi/4.6.2/../../../../arm-none-eabi/lib/armv6-m\libcr_semihost.a
LOAD c:/nxp/lpcxpresso_5.2.6_2137/lpcxpresso/tools/bin/../lib/gcc/arm-none-eabi/4.6.2/armv6-m\libcr_eabihelpers.a
END GROUP
                0x00008000                __top_MFlash32 = 0x8000
                0x10002000                __top_RamLoc8 = 0x10002000

.text           0x00000000      0xf67
 FILL mask 0xff
 *(.isr_vector)
 .isr_vector    0x00000000       0xc0 ./startup/cr_startup_lpc11.o
                0x00000000                g_pfnVectors
 *(.text.Reset_Handler .text.SystemInit)
 .text.SystemInit
                0x000000c0       0xb0 ./cmsis/system_LPC11xx.o
                0x000000c0                SystemInit
                0x000002fc                . = 0x2fc
 *fill*         0x00000170      0x18c ff
 *(.crp)
 .crp           0x000002fc        0x4 ./driver/crp.o
                0x000002fc                CRP_WORD
 *(.text*)
 .text.ResetISR
                0x00000300       0x64 ./startup/cr_startup_lpc11.o
                0x00000300                ResetISR
 .text.NMI_Handler
                0x00000364        0x8 ./startup/cr_startup_lpc11.o
                0x00000364                NMI_Handler
 .text.HardFault_Handler
                0x0000036c        0x8 ./startup/cr_startup_lpc11.o
                0x0000036c                HardFault_Handler
 .text.SVCall_Handler
                0x00000374        0x8 ./startup/cr_startup_lpc11.o
                0x00000374                SVCall_Handler
 .text.PendSV_Handler
                0x0000037c        0x8 ./startup/cr_startup_lpc11.o
                0x0000037c                PendSV_Handler
 .text.SysTick_Handler
                0x00000384        0x8 ./startup/cr_startup_lpc11.o
                0x00000384                SysTick_Handler
 .text.IntDefaultHandler
                0x0000038c        0x8 ./startup/cr_startup_lpc11.o
                0x0000038c                TIMER16_0_IRQHandler
                0x0000038c                UART_IRQHandler
                0x0000038c                TIMER32_1_IRQHandler
                0x0000038c                IntDefaultHandler
                0x0000038c                PIOINT1_IRQHandler
                0x0000038c                CAN_IRQHandler
                0x0000038c                SSP0_IRQHandler
                0x0000038c                TIMER16_1_IRQHandler
                0x0000038c                SSP1_IRQHandler
                0x0000038c                PIOINT2_IRQHandler
                0x0000038c                BOD_IRQHandler
                0x0000038c                WAKEUP_IRQHandler
                0x0000038c                PIOINT0_IRQHandler
                0x0000038c                I2C_IRQHandler
                0x0000038c                WDT_IRQHandler
                0x0000038c                PIOINT3_IRQHandler
 .text.main     0x00000394       0xec ./src/adc_main.o
                0x00000394                main
 .text.NVIC_EnableIRQ
                0x00000480       0x2c ./driver/adc.o
 .text.ADC_IRQHandler
                0x000004ac       0xe8 ./driver/adc.o
                0x000004ac                ADC_IRQHandler
 .text.ADCInit  0x00000594      0x138 ./driver/adc.o
                0x00000594                ADCInit
 .text.ADCRead  0x000006cc       0x54 ./driver/adc.o
                0x000006cc                ADCRead
 .text._debug_printf_flush
                0x00000720       0xa8 ./driver/debug_printf.o
                0x00000720                _debug_printf_flush
 .text._debug_putchar
                0x000007c8       0x88 ./driver/debug_printf.o
                0x000007c8                _debug_putchar
 .text._debug_printf
                0x00000850       0x30 ./driver/debug_printf.o
                0x00000850                _debug_printf
 .text.GPIOInit
                0x00000880       0x1c ./driver/gpio.o
                0x00000880                GPIOInit
 .text.GPIOSetDir
                0x0000089c       0x74 ./driver/gpio.o
                0x0000089c                GPIOSetDir
 .text.NVIC_EnableIRQ
                0x00000910       0x2c ./driver/timer32.o
 .text.TIMER32_0_IRQHandler
                0x0000093c       0x50 ./driver/timer32.o
                0x0000093c                TIMER32_0_IRQHandler
 .text.enable_timer32
                0x0000098c       0x30 ./driver/timer32.o
                0x0000098c                enable_timer32
 .text.init_timer32
                0x000009bc      0x140 ./driver/timer32.o
                0x000009bc                init_timer32
 .text.SystemCoreClockUpdate
                0x00000afc       0xac ./cmsis/system_LPC11xx.o
                0x00000afc                SystemCoreClockUpdate
 .text.printf_format_nofloat
                0x00000ba8      0x18c D:\ECEN 3360\LAB 1\lib_small_printf_m0\Lib\liblib_small_printf_m0.a(small_printf_nofloat.o)
                0x00000ba8                printf_format_nofloat
 .text.prints   0x00000d34       0x7a D:\ECEN 3360\LAB 1\lib_small_printf_m0\Lib\liblib_small_printf_m0.a(small_printf_support.o)
                0x00000d34                prints
 .text.printi   0x00000dae       0xa4 D:\ECEN 3360\LAB 1\lib_small_printf_m0\Lib\liblib_small_printf_m0.a(small_printf_support.o)
                0x00000dae                printi
 .text.__weak_main
                0x00000e52        0x8 c:/nxp/lpcxpresso_5.2.6_2137/lpcxpresso/tools/bin/../lib/gcc/arm-none-eabi/4.6.2/../../../../arm-none-eabi/lib/armv6-m\libcr_c.a(__weak__main.o)
                0x00000e52                __weak_main
                0x00000e52                __main
 .text.__sys_write
                0x00000e5a        0xc c:/nxp/lpcxpresso_5.2.6_2137/lpcxpresso/tools/bin/../lib/gcc/arm-none-eabi/4.6.2/../../../../arm-none-eabi/lib/armv6-m\libcr_semihost.a(__sys_write.o)
                0x00000e5a                __sys_write
                0x00000e5a                __write
 .text.__aeabi_division_idivmod
                0x00000e66        0x6 c:/nxp/lpcxpresso_5.2.6_2137/lpcxpresso/tools/bin/../lib/gcc/arm-none-eabi/4.6.2/armv6-m\libcr_eabihelpers.a(division.o)
                0x00000e66                __aeabi_idivmod
                0x00000e66                __aeabi_idiv
 .text.__aeabi_division_uidivmod
                0x00000e6c       0x72 c:/nxp/lpcxpresso_5.2.6_2137/lpcxpresso/tools/bin/../lib/gcc/arm-none-eabi/4.6.2/armv6-m\libcr_eabihelpers.a(division.o)
                0x00000e6c                __aeabi_uidivmod
                0x00000e6c                __aeabi_uidiv
 .text.__aeabi_division_idiv0
                0x00000ede        0x2 c:/nxp/lpcxpresso_5.2.6_2137/lpcxpresso/tools/bin/../lib/gcc/arm-none-eabi/4.6.2/armv6-m\libcr_eabihelpers.a(division.o)
                0x00000ede                __aeabi_idiv0
 *(.rodata*)
 .rodata        0x00000ee0       0x30 ./src/adc_main.o
 .rodata.LPC_GPIO
                0x00000f10       0x10 ./driver/gpio.o
 .rodata.CSWTCH.7
                0x00000f20       0x40 ./cmsis/system_LPC11xx.o
 .rodata.str1.1
                0x00000f60        0x7 D:\ECEN 3360\LAB 1\lib_small_printf_m0\Lib\liblib_small_printf_m0.a(small_printf_nofloat.o)

.glue_7         0x00000f68        0x0
 .glue_7        0x00000000        0x0 linker stubs

.glue_7t        0x00000f68        0x0
 .glue_7t       0x00000000        0x0 linker stubs

.vfp11_veneer   0x00000f68        0x0
 .vfp11_veneer  0x00000000        0x0 linker stubs

.v4_bx          0x00000f68        0x0
 .v4_bx         0x00000000        0x0 linker stubs

.ARM.extab
 *(.ARM.extab* .gnu.linkonce.armextab.*)
                0x00000f68                __exidx_start = .

.ARM.exidx
 *(.ARM.exidx* .gnu.linkonce.armexidx.*)
                0x00000f68                __exidx_end = .
                0x00000f68                _etext = .

.data           0x10000000        0x4 load address 0x00000f67
                0x10000000                _data = .
 *(vtable)
 *(.data*)
 .data.SystemCoreClock
                0x10000000        0x4 ./cmsis/system_LPC11xx.o
                0x10000000                SystemCoreClock
                0x10000004                _edata = .

.bss            0x10000004       0x88 load address 0x00000f6b
                0x10000004                _bss = .
 *(.bss*)
 .bss.ADCIntDone
                0x10000004        0x4 ./driver/adc.o
                0x10000004                ADCIntDone
 .bss.OverRunCounter
                0x10000008        0x4 ./driver/adc.o
                0x10000008                OverRunCounter
 .bss.debug_write_buf
                0x1000000c       0x54 ./driver/debug_printf.o
 .bss.debug_buf_read_index
                0x10000060        0x1 ./driver/debug_printf.o
 .bss.debug_buf_write_index
                0x10000061        0x1 ./driver/debug_printf.o
 *fill*         0x10000062        0x2 00
 .bss.timer32_0_counter
                0x10000064        0x4 ./driver/timer32.o
                0x10000064                timer32_0_counter
 .bss.timer32_0_capture
                0x10000068        0x4 ./driver/timer32.o
                0x10000068                timer32_0_capture
 *(COMMON)
 COMMON         0x1000006c       0x20 ./driver/adc.o
                0x1000006c                ADCValue
                0x1000008c                _ebss = .

.cr_heap        0x1000008c        0x0 load address 0x00000f6b
                0x1000008c                end = .
                0x1000008c                _pvHeapStart = .
                0x10002000                _vRamTop = __top_RamLoc8
                0x10002000                _vStackTop = _vRamTop
OUTPUT(adc.axf elf32-littlearm)

.debug_info     0x00000000     0x3789
 .debug_info    0x00000000      0x1ec ./startup/cr_startup_lpc11.o
 .debug_info    0x000001ec      0x3b4 ./src/adc_main.o
 .debug_info    0x000005a0      0xb20 ./driver/adc.o
 .debug_info    0x000010c0       0x92 ./driver/crp.o
 .debug_info    0x00001152      0x257 ./driver/debug_printf.o
 .debug_info    0x000013a9      0x7fb ./driver/gpio.o
 .debug_info    0x00001ba4      0xcd1 ./driver/timer32.o
 .debug_info    0x00002875      0x2ae ./cmsis/core_cm0.o
 .debug_info    0x00002b23      0x588 ./cmsis/system_LPC11xx.o
 .debug_info    0x000030ab      0x257 D:\ECEN 3360\LAB 1\lib_small_printf_m0\Lib\liblib_small_printf_m0.a(small_printf_nofloat.o)
 .debug_info    0x00003302      0x2c0 D:\ECEN 3360\LAB 1\lib_small_printf_m0\Lib\liblib_small_printf_m0.a(small_printf_support.o)
 .debug_info    0x000035c2      0x1c7 D:\ECEN 3360\LAB 1\lib_small_printf_m0\Lib\liblib_small_printf_m0.a(small_utils.o)

.debug_abbrev   0x00000000      0xd57
 .debug_abbrev  0x00000000       0xb4 ./startup/cr_startup_lpc11.o
 .debug_abbrev  0x000000b4      0x159 ./src/adc_main.o
 .debug_abbrev  0x0000020d      0x19b ./driver/adc.o
 .debug_abbrev  0x000003a8       0x51 ./driver/crp.o
 .debug_abbrev  0x000003f9      0x120 ./driver/debug_printf.o
 .debug_abbrev  0x00000519      0x192 ./driver/gpio.o
 .debug_abbrev  0x000006ab      0x18a ./driver/timer32.o
 .debug_abbrev  0x00000835       0xaf ./cmsis/core_cm0.o
 .debug_abbrev  0x000008e4      0x13d ./cmsis/system_LPC11xx.o
 .debug_abbrev  0x00000a21      0x15f D:\ECEN 3360\LAB 1\lib_small_printf_m0\Lib\liblib_small_printf_m0.a(small_printf_nofloat.o)
 .debug_abbrev  0x00000b80      0x11e D:\ECEN 3360\LAB 1\lib_small_printf_m0\Lib\liblib_small_printf_m0.a(small_printf_support.o)
 .debug_abbrev  0x00000c9e       0xb9 D:\ECEN 3360\LAB 1\lib_small_printf_m0\Lib\liblib_small_printf_m0.a(small_utils.o)

.debug_loc      0x00000000     0x1365
 .debug_loc     0x00000000      0x140 ./startup/cr_startup_lpc11.o
 .debug_loc     0x00000140       0xe2 ./src/adc_main.o
 .debug_loc     0x00000222      0x10c ./driver/adc.o
 .debug_loc     0x0000032e      0x124 ./driver/debug_printf.o
 .debug_loc     0x00000452      0x1b4 ./driver/gpio.o
 .debug_loc     0x00000606      0x1ec ./driver/timer32.o
 .debug_loc     0x000007f2      0x112 ./cmsis/core_cm0.o
 .debug_loc     0x00000904       0x98 ./cmsis/system_LPC11xx.o
 .debug_loc     0x0000099c      0x4ad D:\ECEN 3360\LAB 1\lib_small_printf_m0\Lib\liblib_small_printf_m0.a(small_printf_nofloat.o)
 .debug_loc     0x00000e49      0x2de D:\ECEN 3360\LAB 1\lib_small_printf_m0\Lib\liblib_small_printf_m0.a(small_printf_support.o)
 .debug_loc     0x00001127      0x23e D:\ECEN 3360\LAB 1\lib_small_printf_m0\Lib\liblib_small_printf_m0.a(small_utils.o)

.debug_aranges  0x00000000      0x308
 .debug_aranges
                0x00000000       0x50 ./startup/cr_startup_lpc11.o
 .debug_aranges
                0x00000050       0x38 ./src/adc_main.o
 .debug_aranges
                0x00000088       0x40 ./driver/adc.o
 .debug_aranges
                0x000000c8       0x40 ./driver/debug_printf.o
 .debug_aranges
                0x00000108       0x58 ./driver/gpio.o
 .debug_aranges
                0x00000160       0x60 ./driver/timer32.o
 .debug_aranges
                0x000001c0       0x70 ./cmsis/core_cm0.o
 .debug_aranges
                0x00000230       0x28 ./cmsis/system_LPC11xx.o
 .debug_aranges
                0x00000258       0x30 D:\ECEN 3360\LAB 1\lib_small_printf_m0\Lib\liblib_small_printf_m0.a(small_printf_nofloat.o)
 .debug_aranges
                0x00000288       0x38 D:\ECEN 3360\LAB 1\lib_small_printf_m0\Lib\liblib_small_printf_m0.a(small_printf_support.o)
 .debug_aranges
                0x000002c0       0x48 D:\ECEN 3360\LAB 1\lib_small_printf_m0\Lib\liblib_small_printf_m0.a(small_utils.o)

.debug_ranges   0x00000000      0x258
 .debug_ranges  0x00000000       0x40 ./startup/cr_startup_lpc11.o
 .debug_ranges  0x00000040       0x28 ./src/adc_main.o
 .debug_ranges  0x00000068       0x30 ./driver/adc.o
 .debug_ranges  0x00000098       0x30 ./driver/debug_printf.o
 .debug_ranges  0x000000c8       0x48 ./driver/gpio.o
 .debug_ranges  0x00000110       0x50 ./driver/timer32.o
 .debug_ranges  0x00000160       0x60 ./cmsis/core_cm0.o
 .debug_ranges  0x000001c0       0x18 ./cmsis/system_LPC11xx.o
 .debug_ranges  0x000001d8       0x20 D:\ECEN 3360\LAB 1\lib_small_printf_m0\Lib\liblib_small_printf_m0.a(small_printf_nofloat.o)
 .debug_ranges  0x000001f8       0x28 D:\ECEN 3360\LAB 1\lib_small_printf_m0\Lib\liblib_small_printf_m0.a(small_printf_support.o)
 .debug_ranges  0x00000220       0x38 D:\ECEN 3360\LAB 1\lib_small_printf_m0\Lib\liblib_small_printf_m0.a(small_utils.o)

.debug_line     0x00000000     0x2ef2
 .debug_line    0x00000000      0x3da ./startup/cr_startup_lpc11.o
 .debug_line    0x000003da      0x499 ./src/adc_main.o
 .debug_line    0x00000873      0x40f ./driver/adc.o
 .debug_line    0x00000c82      0x359 ./driver/crp.o
 .debug_line    0x00000fdb      0x488 ./driver/debug_printf.o
 .debug_line    0x00001463      0x44e ./driver/gpio.o
 .debug_line    0x000018b1      0x499 ./driver/timer32.o
 .debug_line    0x00001d4a      0x3cd ./cmsis/core_cm0.o
 .debug_line    0x00002117      0x3cc ./cmsis/system_LPC11xx.o
 .debug_line    0x000024e3      0x43a D:\ECEN 3360\LAB 1\lib_small_printf_m0\Lib\liblib_small_printf_m0.a(small_printf_nofloat.o)
 .debug_line    0x0000291d      0x487 D:\ECEN 3360\LAB 1\lib_small_printf_m0\Lib\liblib_small_printf_m0.a(small_printf_support.o)
 .debug_line    0x00002da4      0x14e D:\ECEN 3360\LAB 1\lib_small_printf_m0\Lib\liblib_small_printf_m0.a(small_utils.o)

.debug_macinfo  0x00000000    0x3ba2f
 .debug_macinfo
                0x00000000     0x3e81 ./startup/cr_startup_lpc11.o
 .debug_macinfo
                0x00003e81     0x64d0 ./src/adc_main.o
 .debug_macinfo
                0x0000a351     0x6014 ./driver/adc.o
 .debug_macinfo
                0x00010365     0x5fac ./driver/crp.o
 .debug_macinfo
                0x00016311     0x60d2 ./driver/debug_printf.o
 .debug_macinfo
                0x0001c3e3     0x5e2e ./driver/gpio.o
 .debug_macinfo
                0x00022211     0x5ea8 ./driver/timer32.o
 .debug_macinfo
                0x000280b9     0x3c50 ./cmsis/core_cm0.o
 .debug_macinfo
                0x0002bd09     0x5eed ./cmsis/system_LPC11xx.o
 .debug_macinfo
                0x00031bf6     0x3dd1 D:\ECEN 3360\LAB 1\lib_small_printf_m0\Lib\liblib_small_printf_m0.a(small_printf_nofloat.o)
 .debug_macinfo
                0x000359c7     0x3de0 D:\ECEN 3360\LAB 1\lib_small_printf_m0\Lib\liblib_small_printf_m0.a(small_printf_support.o)
 .debug_macinfo
                0x000397a7     0x2288 D:\ECEN 3360\LAB 1\lib_small_printf_m0\Lib\liblib_small_printf_m0.a(small_utils.o)

.debug_str      0x00000000      0xeb9
 .debug_str     0x00000000      0x17d ./startup/cr_startup_lpc11.o
                                0x1b1 (size before relaxing)
 .debug_str     0x0000017d      0x113 ./src/adc_main.o
                                0x1ff (size before relaxing)
 .debug_str     0x00000290      0x68f ./driver/adc.o
                                0x7c1 (size before relaxing)
 .debug_str     0x0000091f       0x19 ./driver/crp.o
                                0x101 (size before relaxing)
 .debug_str     0x00000938       0xee ./driver/debug_printf.o
                                0x1e2 (size before relaxing)
 .debug_str     0x00000a26       0xa5 ./driver/gpio.o
                                0x460 (size before relaxing)
 .debug_str     0x00000acb      0x11d ./driver/timer32.o
                                0x86a (size before relaxing)
 .debug_str     0x00000be8       0xc8 ./cmsis/core_cm0.o
                                0x1c6 (size before relaxing)
 .debug_str     0x00000cb0       0x49 ./cmsis/system_LPC11xx.o
                                0x3ed (size before relaxing)
 .debug_str     0x00000cf9       0xad D:\ECEN 3360\LAB 1\lib_small_printf_m0\Lib\liblib_small_printf_m0.a(small_printf_nofloat.o)
                                0x1bf (size before relaxing)
 .debug_str     0x00000da6       0xad D:\ECEN 3360\LAB 1\lib_small_printf_m0\Lib\liblib_small_printf_m0.a(small_printf_support.o)
                                0x1dc (size before relaxing)
 .debug_str     0x00000e53       0x66 D:\ECEN 3360\LAB 1\lib_small_printf_m0\Lib\liblib_small_printf_m0.a(small_utils.o)
                                0x10c (size before relaxing)

.comment        0x00000000       0xe0
 .comment       0x00000000       0x70 ./startup/cr_startup_lpc11.o
                                 0x71 (size before relaxing)
 .comment       0x00000000       0x71 ./src/adc_main.o
 .comment       0x00000000       0x71 ./driver/adc.o
 .comment       0x00000000       0x71 ./driver/crp.o
 .comment       0x00000000       0x71 ./driver/debug_printf.o
 .comment       0x00000000       0x71 ./driver/gpio.o
 .comment       0x00000000       0x71 ./driver/timer32.o
 .comment       0x00000000       0x71 ./cmsis/core_cm0.o
 .comment       0x00000000       0x71 ./cmsis/system_LPC11xx.o
 .comment       0x00000000       0x71 D:\ECEN 3360\LAB 1\lib_small_printf_m0\Lib\liblib_small_printf_m0.a(small_printf_nofloat.o)
 .comment       0x00000000       0x71 D:\ECEN 3360\LAB 1\lib_small_printf_m0\Lib\liblib_small_printf_m0.a(small_printf_support.o)
 .comment       0x00000000       0x71 D:\ECEN 3360\LAB 1\lib_small_printf_m0\Lib\liblib_small_printf_m0.a(small_utils.o)
 .comment       0x00000000       0x71 c:/nxp/lpcxpresso_5.2.6_2137/lpcxpresso/tools/bin/../lib/gcc/arm-none-eabi/4.6.2/../../../../arm-none-eabi/lib/armv6-m\libcr_c.a(__weak__main.o)
 .comment       0x00000070       0x70 c:/nxp/lpcxpresso_5.2.6_2137/lpcxpresso/tools/bin/../lib/gcc/arm-none-eabi/4.6.2/armv6-m\libcr_eabihelpers.a(double.o)
                                 0x71 (size before relaxing)

.ARM.attributes
                0x00000000       0x2f
 .ARM.attributes
                0x00000000       0x31 ./startup/cr_startup_lpc11.o
 .ARM.attributes
                0x00000031       0x31 ./src/adc_main.o
 .ARM.attributes
                0x00000062       0x31 ./driver/adc.o
 .ARM.attributes
                0x00000093       0x31 ./driver/crp.o
 .ARM.attributes
                0x000000c4       0x31 ./driver/debug_printf.o
 .ARM.attributes
                0x000000f5       0x31 ./driver/gpio.o
 .ARM.attributes
                0x00000126       0x31 ./driver/timer32.o
 .ARM.attributes
                0x00000157       0x31 ./cmsis/core_cm0.o
 .ARM.attributes
                0x00000188       0x31 ./cmsis/system_LPC11xx.o
 .ARM.attributes
                0x000001b9       0x31 D:\ECEN 3360\LAB 1\lib_small_printf_m0\Lib\liblib_small_printf_m0.a(small_printf_nofloat.o)
 .ARM.attributes
                0x000001ea       0x31 D:\ECEN 3360\LAB 1\lib_small_printf_m0\Lib\liblib_small_printf_m0.a(small_printf_support.o)
 .ARM.attributes
                0x0000021b       0x31 D:\ECEN 3360\LAB 1\lib_small_printf_m0\Lib\liblib_small_printf_m0.a(small_utils.o)
 .ARM.attributes
                0x0000024c       0x31 c:/nxp/lpcxpresso_5.2.6_2137/lpcxpresso/tools/bin/../lib/gcc/arm-none-eabi/4.6.2/../../../../arm-none-eabi/lib/armv6-m\libcr_c.a(__weak__main.o)
 .ARM.attributes
                0x0000027d       0x21 c:/nxp/lpcxpresso_5.2.6_2137/lpcxpresso/tools/bin/../lib/gcc/arm-none-eabi/4.6.2/../../../../arm-none-eabi/lib/armv6-m\libcr_semihost.a(__sys_write.o)
 .ARM.attributes
                0x0000029e       0x21 c:/nxp/lpcxpresso_5.2.6_2137/lpcxpresso/tools/bin/../lib/gcc/arm-none-eabi/4.6.2/armv6-m\libcr_eabihelpers.a(division.o)
 .ARM.attributes
                0x000002bf       0x31 c:/nxp/lpcxpresso_5.2.6_2137/lpcxpresso/tools/bin/../lib/gcc/arm-none-eabi/4.6.2/armv6-m\libcr_eabihelpers.a(double.o)
 .ARM.attributes
                0x000002f0       0x21 c:/nxp/lpcxpresso_5.2.6_2137/lpcxpresso/tools/bin/../lib/gcc/arm-none-eabi/4.6.2/armv6-m\libcr_eabihelpers.a(llong.o)

.debug_frame    0x00000000      0x79c
 .debug_frame   0x00000000       0xd8 ./startup/cr_startup_lpc11.o
 .debug_frame   0x000000d8       0x94 ./src/adc_main.o
 .debug_frame   0x0000016c       0xac ./driver/adc.o
 .debug_frame   0x00000218       0xb0 ./driver/debug_printf.o
 .debug_frame   0x000002c8      0x10c ./driver/gpio.o
 .debug_frame   0x000003d4      0x12c ./driver/timer32.o
 .debug_frame   0x00000500       0xc0 ./cmsis/core_cm0.o
 .debug_frame   0x000005c0       0x48 ./cmsis/system_LPC11xx.o
 .debug_frame   0x00000608       0x6c D:\ECEN 3360\LAB 1\lib_small_printf_m0\Lib\liblib_small_printf_m0.a(small_printf_nofloat.o)
 .debug_frame   0x00000674       0x7c D:\ECEN 3360\LAB 1\lib_small_printf_m0\Lib\liblib_small_printf_m0.a(small_printf_support.o)
 .debug_frame   0x000006f0       0xac D:\ECEN 3360\LAB 1\lib_small_printf_m0\Lib\liblib_small_printf_m0.a(small_utils.o)
